[dbg main] h5base=/lcrc/project/SDR/kdougherty/vol_bench_h5/g2_device_ocean_temp.h5 csv=/home/kdougherty/hdf5_projs/vol-external-passthrough/devres_results/20260812_171349_53022/results_vol_device_ocean_temp.csv xcsv=/home/kdougherty/hdf5_projs/vol-external-passthrough/devres_results/20260812_171349_53022/results_vol_ext_device_ocean_temp.csv only=ocean_temp comp=zfp_gpu_r4 zfp_gpu_r8 zfp_gpu_r12 zfp_gpu_r16 verify=0 keep_h5=0 debug=0
[dbg main] durability: fsync=1 sync_dir=1 drop_cache=1 (BENCH_FSYNC / BENCH_SYNC_DIR / BENCH_DROP_CACHE)
[dbg main] staging arm=device  ledger=/home/kdougherty/hdf5_projs/vol-external-passthrough/devres_results/20260812_171349_53022/staging_device_ocean_temp.csv
[dbg main] one measurement per (dataset x compressor), no warmup, own file at <base>_<comp>.h5
name           dtype  rank src    dims                   MiB        needGiB    exists
miranda        double 3    raw    256x384x384            288.0      0.6        yes
ocean_temp     float  0    hdf5   (from file)            0.0        0.0        yes
einspline37    float  1    raw    3390212880             12932.6    25.3       yes
scale-T        float  3    raw    98x1200x1200           538.3      1.1        yes
s3d            double 3    raw    500x500x500            953.7      1.9        yes
nyx_baryon     float  0    hdf5   (from file)            0.0        0.0        yes
MemAvailable: 954.4 GiB (needGiB is hbuf+rbuf only; the connector needs more)
6/6 dataset paths readable
RANGE ocean_temp     min=4.445019e+00 max=1.072704e+01 range=6.282023e+00 xform=none
[device] ocean_temp: 123.1 MiB resident on GPU (setup h2d=12.379 ms)
[device] arm=device: VOL receives the device pointer; no host round trip for the write

=== ocean_temp (123.1 MiB, float, hdf5) ===
Info: 0x560a52391620
  ocean_temp_zfp_gpu_r4        C=   1.19 W=    13.46 F=    0.31 S=   127.24 X=    0.16 S2=  65.28 | E=   1.19 O=   0.29 R=    38.12 ms  ratio= 60.44x  RMSE=inf maxae=inf
Info: 0x560a523e9fc0
  ocean_temp_zfp_gpu_r8        C=   0.48 W=     9.16 F=    0.27 S=   117.29 X=    0.13 S2=  73.89 | E=   1.24 O=   0.28 R=    40.90 ms  ratio= 30.22x  RMSE=inf maxae=inf
Info: 0x560a523a63d0
  ocean_temp_zfp_gpu_r12       C=   0.49 W=    10.16 F=    0.28 S=   151.58 X=    0.13 S2=  62.34 | E=   1.20 O=   0.27 R=    42.07 ms  ratio= 20.15x  RMSE=inf maxae=inf
Info: 0x560a523a4bc0
  ocean_temp_zfp_gpu_r16       C=   0.52 W=    12.97 F=    0.28 S=    97.27 X=    0.14 S2=  82.20 | E=   1.13 O=   0.28 R=    38.09 ms  ratio= 15.11x  RMSE=inf maxae=inf
[dbg main] done: arm=device, 1 datasets, 0 skipped, 4 measurements

=== TOTALS over 4 measurement files: create=2.69 write=45.74 flush=1.15 sync=493.38 close=0.56 csync=283.71 => write_total=827.23 ms | evict=4.76 open=1.11 read=159.18 => read_total=160.29 ms | ratio=24.18x ===
