[dbg main] h5base=/lcrc/project/SDR/kdougherty/vol_bench_h5/g2_device_s3d.h5 csv=/home/kdougherty/hdf5_projs/vol-external-passthrough/devres_results/20260812_171349_53022/results_vol_device_s3d.csv xcsv=/home/kdougherty/hdf5_projs/vol-external-passthrough/devres_results/20260812_171349_53022/results_vol_ext_device_s3d.csv only=s3d comp=zfp_gpu_r4 zfp_gpu_r8 zfp_gpu_r12 zfp_gpu_r16 verify=0 keep_h5=0 debug=0
[dbg main] durability: fsync=1 sync_dir=1 drop_cache=1 (BENCH_FSYNC / BENCH_SYNC_DIR / BENCH_DROP_CACHE)
[dbg main] staging arm=device  ledger=/home/kdougherty/hdf5_projs/vol-external-passthrough/devres_results/20260812_171349_53022/staging_device_s3d.csv
[dbg main] one measurement per (dataset x compressor), no warmup, own file at <base>_<comp>.h5
name           dtype  rank src    dims                   MiB        needGiB    exists
miranda        double 3    raw    256x384x384            288.0      0.6        yes
ocean_temp     float  0    hdf5   (from file)            0.0        0.0        yes
einspline37    float  1    raw    3390212880             12932.6    25.3       yes
scale-T        float  3    raw    98x1200x1200           538.3      1.1        yes
s3d            double 3    raw    500x500x500            953.7      1.9        yes
nyx_baryon     float  0    hdf5   (from file)            0.0        0.0        yes
MemAvailable: 954.5 GiB (needGiB is hbuf+rbuf only; the connector needs more)
6/6 dataset paths readable
RANGE s3d            min=-6.362436e-15 max=3.920002e-02 range=3.920002e-02 xform=none
[device] s3d: 953.7 MiB resident on GPU (setup h2d=151.926 ms)
[device] arm=device: VOL receives the device pointer; no host round trip for the write

=== s3d (953.7 MiB, double, raw) ===
Info: 0x5630a7cda840
  s3d_zfp_gpu_r4               C=   1.17 W=    25.59 F=    0.35 S=   103.27 X=    0.20 S2=  65.11 | E=   1.22 O=   0.52 R=   221.59 ms  ratio=128.00x  RMSE=2.231e-02 maxae=3.920e-02
Info: 0x5630a7d69010
  s3d_zfp_gpu_r8               C=   0.50 W=    30.49 F=    0.45 S=   164.61 X=    0.17 S2= 110.76 | E=   1.10 O=   0.27 R=   230.73 ms  ratio= 64.00x  RMSE=2.231e-02 maxae=3.920e-02
Info: 0x5630a7d6a350
  s3d_zfp_gpu_r12              C=   0.63 W=   181.40 F=    0.23 S=   160.61 X=    0.15 S2=  61.91 | E=   5.28 O=   0.31 R=   234.67 ms  ratio= 42.67x  RMSE=2.231e-02 maxae=3.920e-02
Info: 0x5630a7d694a0
  s3d_zfp_gpu_r16              C=   0.51 W=   148.11 F=    0.23 S=   127.78 X=    0.12 S2= 126.05 | E=   1.15 O=   0.28 R=   284.63 ms  ratio= 32.00x  RMSE=2.231e-02 maxae=3.920e-02
[dbg main] done: arm=device, 1 datasets, 0 skipped, 4 measurements

=== TOTALS over 4 measurement files: create=2.81 write=385.59 flush=1.27 sync=556.27 close=0.63 csync=363.83 => write_total=1310.41 ms | evict=8.75 open=1.38 read=971.63 => read_total=973.01 ms | ratio=51.20x ===
