[dbg main] h5base=/lcrc/project/SDR/kdougherty/vol_bench_h5/g2_device_nyx_baryon.h5 csv=/home/kdougherty/hdf5_projs/vol-external-passthrough/devres_results/20260812_171349_53022/results_vol_device_nyx_baryon.csv xcsv=/home/kdougherty/hdf5_projs/vol-external-passthrough/devres_results/20260812_171349_53022/results_vol_ext_device_nyx_baryon.csv only=nyx_baryon comp=zfp_gpu_r4 zfp_gpu_r8 zfp_gpu_r12 zfp_gpu_r16 verify=0 keep_h5=0 debug=0
[dbg main] durability: fsync=1 sync_dir=1 drop_cache=1 (BENCH_FSYNC / BENCH_SYNC_DIR / BENCH_DROP_CACHE)
[dbg main] staging arm=device  ledger=/home/kdougherty/hdf5_projs/vol-external-passthrough/devres_results/20260812_171349_53022/staging_device_nyx_baryon.csv
[dbg main] one measurement per (dataset x compressor), no warmup, own file at <base>_<comp>.h5
name           dtype  rank src    dims                   MiB        needGiB    exists
miranda        double 3    raw    256x384x384            288.0      0.6        yes
ocean_temp     float  0    hdf5   (from file)            0.0        0.0        yes
einspline37    float  1    raw    3390212880             12932.6    25.3       yes
scale-T        float  3    raw    98x1200x1200           538.3      1.1        yes
s3d            double 3    raw    500x500x500            953.7      1.9        yes
nyx_baryon     float  0    hdf5   (from file)            0.0        0.0        yes
MemAvailable: 954.5 GiB (needGiB is hbuf+rbuf only; the connector needs more)
6/6 dataset paths readable
RANGE nyx_baryon     min=5.637747e-02 max=1.166017e+01 range=1.160379e+01 xform=log1p
[device] nyx_baryon: 512.0 MiB resident on GPU (setup h2d=44.777 ms)
[device] arm=device: VOL receives the device pointer; no host round trip for the write

=== nyx_baryon (512.0 MiB, float, hdf5, transformed) ===
Info: 0x55bc00a7f4a0
  nyx_baryon_zfp_gpu_r4        C=   1.00 W=    23.00 F=    0.33 S=   110.28 X=    0.21 S2=  80.56 | E=   1.11 O=   0.28 R=   126.98 ms  ratio= 64.00x  RMSE=inf maxae=inf (log-space)
Info: 0x55bc00a03f50
  nyx_baryon_zfp_gpu_r8        C=   0.48 W=   142.62 F=    0.21 S=   139.27 X=    0.14 S2=  37.43 | E=   1.58 O=   0.34 R=   193.99 ms  ratio= 32.00x  RMSE=inf maxae=inf (log-space)
Info: 0x55bc00a01860
  nyx_baryon_zfp_gpu_r12       C=   0.50 W=   159.73 F=    0.22 S=   134.55 X=    0.12 S2=  90.61 | E=   2.04 O=   0.28 R=   139.59 ms  ratio= 21.33x  RMSE=inf maxae=inf (log-space)
Info: 0x55bc00a0c7f0
  nyx_baryon_zfp_gpu_r16       C=   0.67 W=   121.87 F=    0.23 S=   126.35 X=    0.15 S2=  54.51 | E=   1.27 O=   0.27 R=   149.90 ms  ratio= 16.00x  RMSE=6.201e-01 maxae=1.166e+01 (log-space)
[dbg main] done: arm=device, 1 datasets, 0 skipped, 4 measurements

=== TOTALS over 4 measurement files: create=2.64 write=447.21 flush=1.00 sync=510.46 close=0.61 csync=263.11 => write_total=1225.03 ms | evict=6.00 open=1.16 read=610.46 => read_total=611.62 ms | ratio=25.60x ===
