[dbg main] h5base=/lcrc/project/SDR/kdougherty/vol_bench_h5/g2_host_ocean_temp.h5 csv=/home/kdougherty/hdf5_projs/vol-external-passthrough/devres_results/20260812_171349_53022/results_vol_host_ocean_temp.csv xcsv=/home/kdougherty/hdf5_projs/vol-external-passthrough/devres_results/20260812_171349_53022/results_vol_ext_host_ocean_temp.csv only=ocean_temp comp=zfp_gpu_r4 zfp_gpu_r8 zfp_gpu_r12 zfp_gpu_r16 verify=0 keep_h5=0 debug=0
[dbg main] durability: fsync=1 sync_dir=1 drop_cache=1 (BENCH_FSYNC / BENCH_SYNC_DIR / BENCH_DROP_CACHE)
[dbg main] staging arm=host  ledger=/home/kdougherty/hdf5_projs/vol-external-passthrough/devres_results/20260812_171349_53022/staging_host_ocean_temp.csv
[dbg main] one measurement per (dataset x compressor), no warmup, own file at <base>_<comp>.h5
name           dtype  rank src    dims                   MiB        needGiB    exists
miranda        double 3    raw    256x384x384            288.0      0.6        yes
ocean_temp     float  0    hdf5   (from file)            0.0        0.0        yes
einspline37    float  1    raw    3390212880             12932.6    25.3       yes
scale-T        float  3    raw    98x1200x1200           538.3      1.1        yes
s3d            double 3    raw    500x500x500            953.7      1.9        yes
nyx_baryon     float  0    hdf5   (from file)            0.0        0.0        yes
MemAvailable: 954.5 GiB (needGiB is hbuf+rbuf only; the connector needs more)
6/6 dataset paths readable
RANGE ocean_temp     min=4.445019e+00 max=1.072704e+01 range=6.282023e+00 xform=none
[device] ocean_temp: 123.1 MiB resident on GPU (setup h2d=12.545 ms)
[device] arm=host d2h_ms=71.030 pcie_in=123.1 MiB (the leg the device arm skips)

=== ocean_temp (123.1 MiB, float, hdf5) ===
Info: 0x5588dbde2770
  ocean_temp_zfp_gpu_r4        C=   0.90 W=    23.61 F=    0.25 S=   179.73 X=    0.20 S2=  43.32 | E=   1.09 O=   0.29 R=    38.09 ms  ratio= 60.44x  RMSE=inf maxae=inf
Info: 0x5588dbdfcf40
  ocean_temp_zfp_gpu_r8        C=   0.49 W=    26.31 F=    0.23 S=    92.06 X=    0.17 S2=  54.83 | E=   3.70 O=   0.39 R=    44.75 ms  ratio= 30.22x  RMSE=inf maxae=inf
Info: 0x5588dbdfa5a0
  ocean_temp_zfp_gpu_r12       C=   0.50 W=    53.19 F=    0.24 S=    99.88 X=    0.15 S2=  60.03 | E=   1.06 O=   0.28 R=    38.87 ms  ratio= 20.15x  RMSE=inf maxae=inf
Info: 0x5588dbdf6790
  ocean_temp_zfp_gpu_r16       C=   0.53 W=    22.85 F=    0.22 S=   143.38 X=    0.17 S2= 110.64 | E=   1.11 O=   0.47 R=    40.98 ms  ratio= 15.11x  RMSE=inf maxae=inf
[dbg main] done: arm=host, 1 datasets, 0 skipped, 4 measurements

=== TOTALS over 4 measurement files: create=2.42 write=125.96 flush=0.94 sync=515.05 close=0.68 csync=268.82 => write_total=913.87 ms | evict=6.96 open=1.43 read=162.69 => read_total=164.12 ms | ratio=24.18x ===
