[dbg main] h5base=/lcrc/project/SDR/kdougherty/vol_bench_h5/g2_host_miranda.h5 csv=/home/kdougherty/hdf5_projs/vol-external-passthrough/devres_results/20260812_171349_53022/results_vol_host_miranda.csv xcsv=/home/kdougherty/hdf5_projs/vol-external-passthrough/devres_results/20260812_171349_53022/results_vol_ext_host_miranda.csv only=miranda comp=zfp_gpu_r4 zfp_gpu_r8 zfp_gpu_r12 zfp_gpu_r16 verify=0 keep_h5=0 debug=0
[dbg main] durability: fsync=1 sync_dir=1 drop_cache=1 (BENCH_FSYNC / BENCH_SYNC_DIR / BENCH_DROP_CACHE)
[dbg main] staging arm=host  ledger=/home/kdougherty/hdf5_projs/vol-external-passthrough/devres_results/20260812_171349_53022/staging_host_miranda.csv
[dbg main] one measurement per (dataset x compressor), no warmup, own file at <base>_<comp>.h5
name           dtype  rank src    dims                   MiB        needGiB    exists
miranda        double 3    raw    256x384x384            288.0      0.6        yes
ocean_temp     float  0    hdf5   (from file)            0.0        0.0        yes
einspline37    float  1    raw    3390212880             12932.6    25.3       yes
scale-T        float  3    raw    98x1200x1200           538.3      1.1        yes
s3d            double 3    raw    500x500x500            953.7      1.9        yes
nyx_baryon     float  0    hdf5   (from file)            0.0        0.0        yes
MemAvailable: 954.4 GiB (needGiB is hbuf+rbuf only; the connector needs more)
6/6 dataset paths readable
RANGE miranda        min=9.999878e-01 max=3.000046e+00 range=2.000058e+00 xform=none
[device] miranda: 288.0 MiB resident on GPU (setup h2d=25.952 ms)
[device] arm=host d2h_ms=161.617 pcie_in=288.0 MiB (the leg the device arm skips)

=== miranda (288.0 MiB, double, raw) ===
Info: 0x561fe8a5abe0
  miranda_zfp_gpu_r4           C=   1.11 W=    41.89 F=    0.33 S=   104.50 X=    0.19 S2=  54.14 | E=   1.12 O=   0.30 R=    71.88 ms  ratio=128.00x  RMSE=2.127e+00 maxae=3.000e+00
Info: 0x561fe8ae91f0
  miranda_zfp_gpu_r8           C=   0.51 W=   114.68 F=    0.28 S=   144.26 X=    0.14 S2=  59.32 | E=   1.16 O=   0.27 R=    89.81 ms  ratio= 64.00x  RMSE=2.127e+00 maxae=3.000e+00
Info: 0x561fe8aebe90
  miranda_zfp_gpu_r12          C=   0.56 W=    38.85 F=    0.28 S=   114.31 X=    0.14 S2=  86.60 | E=   1.81 O=   0.28 R=    73.91 ms  ratio= 42.67x  RMSE=2.127e+00 maxae=3.000e+00
Info: 0x5620046a6c50
  miranda_zfp_gpu_r16          C=   0.66 W=    41.71 F=    0.29 S=   110.93 X=    0.14 S2=  86.89 | E=   4.10 O=   0.27 R=    72.80 ms  ratio= 32.00x  RMSE=2.127e+00 maxae=3.000e+00
[dbg main] done: arm=host, 1 datasets, 0 skipped, 4 measurements

=== TOTALS over 4 measurement files: create=2.84 write=237.13 flush=1.17 sync=473.99 close=0.60 csync=286.96 => write_total=1002.69 ms | evict=8.20 open=1.13 read=308.41 => read_total=309.53 ms | ratio=51.20x ===
