[dbg main] h5base=/lcrc/project/SDR/kdougherty/vol_bench_h5/g2_host_s3d.h5 csv=/home/kdougherty/hdf5_projs/vol-external-passthrough/devres_results/20260812_171349_53022/results_vol_host_s3d.csv xcsv=/home/kdougherty/hdf5_projs/vol-external-passthrough/devres_results/20260812_171349_53022/results_vol_ext_host_s3d.csv only=s3d comp=zfp_gpu_r4 zfp_gpu_r8 zfp_gpu_r12 zfp_gpu_r16 verify=0 keep_h5=0 debug=0
[dbg main] durability: fsync=1 sync_dir=1 drop_cache=1 (BENCH_FSYNC / BENCH_SYNC_DIR / BENCH_DROP_CACHE)
[dbg main] staging arm=host  ledger=/home/kdougherty/hdf5_projs/vol-external-passthrough/devres_results/20260812_171349_53022/staging_host_s3d.csv
[dbg main] one measurement per (dataset x compressor), no warmup, own file at <base>_<comp>.h5
name           dtype  rank src    dims                   MiB        needGiB    exists
miranda        double 3    raw    256x384x384            288.0      0.6        yes
ocean_temp     float  0    hdf5   (from file)            0.0        0.0        yes
einspline37    float  1    raw    3390212880             12932.6    25.3       yes
scale-T        float  3    raw    98x1200x1200           538.3      1.1        yes
s3d            double 3    raw    500x500x500            953.7      1.9        yes
nyx_baryon     float  0    hdf5   (from file)            0.0        0.0        yes
MemAvailable: 954.4 GiB (needGiB is hbuf+rbuf only; the connector needs more)
6/6 dataset paths readable
RANGE s3d            min=-6.362436e-15 max=3.920002e-02 range=3.920002e-02 xform=none
[device] s3d: 953.7 MiB resident on GPU (setup h2d=81.044 ms)
[device] arm=host d2h_ms=542.297 pcie_in=953.7 MiB (the leg the device arm skips)

=== s3d (953.7 MiB, double, raw) ===
Info: 0x5579f457db40
  s3d_zfp_gpu_r4               C=   1.08 W=   113.50 F=    0.36 S=   118.27 X=    0.19 S2=  87.86 | E=   1.66 O=   0.49 R=   212.69 ms  ratio=128.00x  RMSE=2.231e-02 maxae=3.920e-02
Info: 0x5579f460c270
  s3d_zfp_gpu_r8               C=   0.47 W=   366.04 F=    0.29 S=    94.87 X=    0.16 S2= 121.45 | E=   2.46 O=   0.40 R=   290.09 ms  ratio= 64.00x  RMSE=2.231e-02 maxae=3.920e-02
Info: 0x5579f46103a0
  s3d_zfp_gpu_r12              C=   0.49 W=   240.48 F=    0.22 S=   118.66 X=    0.12 S2=  55.92 | E=   4.05 O=   0.28 R=   228.54 ms  ratio= 42.67x  RMSE=2.231e-02 maxae=3.920e-02
Info: 0x557a51808750
  s3d_zfp_gpu_r16              C=   0.68 W=   282.84 F=    0.24 S=   156.30 X=    0.15 S2= 112.06 | E=   1.21 O=   0.28 R=   240.25 ms  ratio= 32.00x  RMSE=2.231e-02 maxae=3.920e-02
[dbg main] done: arm=host, 1 datasets, 0 skipped, 4 measurements

=== TOTALS over 4 measurement files: create=2.71 write=1002.85 flush=1.11 sync=488.10 close=0.63 csync=377.30 => write_total=1872.71 ms | evict=9.38 open=1.45 read=971.58 => read_total=973.03 ms | ratio=51.20x ===
