[dbg main] h5base=/lcrc/project/SDR/kdougherty/vol_bench_h5/g2_none_miranda.h5 csv=/home/kdougherty/hdf5_projs/vol-external-passthrough/devres_results/20260812_171349_53022/results_vol_none_miranda.csv xcsv=/home/kdougherty/hdf5_projs/vol-external-passthrough/devres_results/20260812_171349_53022/results_vol_ext_none_miranda.csv only=miranda comp=zfp_gpu_r4 zfp_gpu_r8 zfp_gpu_r12 zfp_gpu_r16 verify=0 keep_h5=0 debug=0
[dbg main] durability: fsync=1 sync_dir=1 drop_cache=1 (BENCH_FSYNC / BENCH_SYNC_DIR / BENCH_DROP_CACHE)
[dbg main] staging arm=none  ledger=/home/kdougherty/hdf5_projs/vol-external-passthrough/devres_results/20260812_171349_53022/staging_none_miranda.csv
[dbg main] one measurement per (dataset x compressor), no warmup, own file at <base>_<comp>.h5
name           dtype  rank src    dims                   MiB        needGiB    exists
miranda        double 3    raw    256x384x384            288.0      0.6        yes
ocean_temp     float  0    hdf5   (from file)            0.0        0.0        yes
einspline37    float  1    raw    3390212880             12932.6    25.3       yes
scale-T        float  3    raw    98x1200x1200           538.3      1.1        yes
s3d            double 3    raw    500x500x500            953.7      1.9        yes
nyx_baryon     float  0    hdf5   (from file)            0.0        0.0        yes
MemAvailable: 954.4 GiB (needGiB is hbuf+rbuf only; the connector needs more)
6/6 dataset paths readable
RANGE miranda        min=9.999878e-01 max=3.000046e+00 range=2.000058e+00 xform=none

=== miranda (288.0 MiB, double, raw) ===
Info: 0x555f6de9cfd0
  miranda_zfp_gpu_r4           C=   3.02 W=    44.36 F=    0.34 S=   111.99 X=    0.18 S2=  51.99 | E=   1.13 O=   0.31 R=    68.89 ms  ratio=128.00x  RMSE=2.127e+00 maxae=3.000e+00
Info: 0x555f6df2ba30
  miranda_zfp_gpu_r8           C=   0.47 W=    39.70 F=    0.28 S=   116.80 X=    0.13 S2=  52.10 | E=   1.16 O=   0.27 R=    69.57 ms  ratio= 64.00x  RMSE=2.127e+00 maxae=3.000e+00
Info: 0x555f6df20900
  miranda_zfp_gpu_r12          C=   0.48 W=    82.69 F=    0.28 S=   119.37 X=    0.50 S2=  65.95 | E=   1.05 O=   0.27 R=    76.11 ms  ratio= 42.67x  RMSE=2.127e+00 maxae=3.000e+00
Info: 0x555f6df301a0
  miranda_zfp_gpu_r16          C=   0.69 W=    39.65 F=    0.30 S=   325.02 X=    0.17 S2= 174.79 | E=   1.10 O=   0.27 R=    74.54 ms  ratio= 32.00x  RMSE=2.127e+00 maxae=3.000e+00
[dbg main] done: arm=none, 1 datasets, 0 skipped, 4 measurements

=== TOTALS over 4 measurement files: create=4.66 write=206.40 flush=1.21 sync=673.18 close=0.98 csync=344.82 => write_total=1231.25 ms | evict=4.44 open=1.12 read=289.12 => read_total=290.24 ms | ratio=51.20x ===
