[dbg main] h5base=/lcrc/project/SDR/kdougherty/vol_bench_h5/g2_none_scale-T.h5 csv=/home/kdougherty/hdf5_projs/vol-external-passthrough/devres_results/20260812_171349_53022/results_vol_none_scale-T.csv xcsv=/home/kdougherty/hdf5_projs/vol-external-passthrough/devres_results/20260812_171349_53022/results_vol_ext_none_scale-T.csv only=scale-T comp=zfp_gpu_r4 zfp_gpu_r8 zfp_gpu_r12 zfp_gpu_r16 verify=0 keep_h5=0 debug=0
[dbg main] durability: fsync=1 sync_dir=1 drop_cache=1 (BENCH_FSYNC / BENCH_SYNC_DIR / BENCH_DROP_CACHE)
[dbg main] staging arm=none  ledger=/home/kdougherty/hdf5_projs/vol-external-passthrough/devres_results/20260812_171349_53022/staging_none_scale-T.csv
[dbg main] one measurement per (dataset x compressor), no warmup, own file at <base>_<comp>.h5
name           dtype  rank src    dims                   MiB        needGiB    exists
miranda        double 3    raw    256x384x384            288.0      0.6        yes
ocean_temp     float  0    hdf5   (from file)            0.0        0.0        yes
einspline37    float  1    raw    3390212880             12932.6    25.3       yes
scale-T        float  3    raw    98x1200x1200           538.3      1.1        yes
s3d            double 3    raw    500x500x500            953.7      1.9        yes
nyx_baryon     float  0    hdf5   (from file)            0.0        0.0        yes
MemAvailable: 954.4 GiB (needGiB is hbuf+rbuf only; the connector needs more)
6/6 dataset paths readable
RANGE scale-T        min=5.209023e+00 max=5.754571e+00 range=5.455480e-01 xform=log1p

=== scale-T (538.3 MiB, float, raw, transformed) ===
Info: 0x557b25c28220
  scale-T_zfp_gpu_r4           C=   1.17 W=    73.79 F=    0.37 S=   112.06 X=    0.22 S2=  87.59 | E=   2.53 O=   0.36 R=   132.84 ms  ratio= 62.72x  RMSE=5.132e+00 maxae=5.706e+00 (log-space)
Info: 0x557b25cb6b70
  scale-T_zfp_gpu_r8           C=   0.46 W=   205.87 F=    0.28 S=   188.61 X=    0.13 S2=  49.63 | E=   2.61 O=   0.27 R=   145.16 ms  ratio= 31.36x  RMSE=5.132e+00 maxae=5.706e+00 (log-space)
Info: 0x557b4f9bf9d0
  scale-T_zfp_gpu_r12          C=   0.49 W=   233.45 F=    0.23 S=   114.19 X=    0.12 S2= 130.33 | E=   4.16 O=   0.28 R=   153.12 ms  ratio= 20.91x  RMSE=5.132e+00 maxae=5.706e+00 (log-space)
Info: 0x557b25cacbf0
  scale-T_zfp_gpu_r16          C=   1.16 W=   175.52 F=    0.24 S=    99.52 X=    0.14 S2=  50.46 | E=   1.83 O=   0.27 R=   572.95 ms  ratio= 15.68x  RMSE=5.521e+00 maxae=5.755e+00 (log-space)
[FATAL] CUDA fault during scale-T / zfp_gpu_r16 (arm=none): an illegal memory access was encountered
[FATAL] This is the measurement that broke the context. Re-run exactly this pair under compute-sanitizer.
