[dbg main] h5base=/lcrc/project/SDR/kdougherty/vol_bench_h5/g2_none_nyx_baryon.h5 csv=/home/kdougherty/hdf5_projs/vol-external-passthrough/devres_results/20260812_171349_53022/results_vol_none_nyx_baryon.csv xcsv=/home/kdougherty/hdf5_projs/vol-external-passthrough/devres_results/20260812_171349_53022/results_vol_ext_none_nyx_baryon.csv only=nyx_baryon comp=zfp_gpu_r4 zfp_gpu_r8 zfp_gpu_r12 zfp_gpu_r16 verify=0 keep_h5=0 debug=0
[dbg main] durability: fsync=1 sync_dir=1 drop_cache=1 (BENCH_FSYNC / BENCH_SYNC_DIR / BENCH_DROP_CACHE)
[dbg main] staging arm=none  ledger=/home/kdougherty/hdf5_projs/vol-external-passthrough/devres_results/20260812_171349_53022/staging_none_nyx_baryon.csv
[dbg main] one measurement per (dataset x compressor), no warmup, own file at <base>_<comp>.h5
name           dtype  rank src    dims                   MiB        needGiB    exists
miranda        double 3    raw    256x384x384            288.0      0.6        yes
ocean_temp     float  0    hdf5   (from file)            0.0        0.0        yes
einspline37    float  1    raw    3390212880             12932.6    25.3       yes
scale-T        float  3    raw    98x1200x1200           538.3      1.1        yes
s3d            double 3    raw    500x500x500            953.7      1.9        yes
nyx_baryon     float  0    hdf5   (from file)            0.0        0.0        yes
MemAvailable: 954.4 GiB (needGiB is hbuf+rbuf only; the connector needs more)
6/6 dataset paths readable
RANGE nyx_baryon     min=5.637747e-02 max=1.166017e+01 range=1.160379e+01 xform=log1p

=== nyx_baryon (512.0 MiB, float, hdf5, transformed) ===
Info: 0x55ef72f275f0
  nyx_baryon_zfp_gpu_r4        C=   0.97 W=    71.06 F=    0.34 S=   141.72 X=    0.19 S2= 130.73 | E=   1.22 O=   0.28 R=   130.30 ms  ratio= 64.00x  RMSE=inf maxae=inf (log-space)
Info: 0x55ef72eaab40
  nyx_baryon_zfp_gpu_r8        C=   0.52 W=   227.22 F=    0.21 S=   122.28 X=    0.18 S2=  38.57 | E=   5.33 O=   0.27 R=   200.86 ms  ratio= 32.00x  RMSE=inf maxae=inf (log-space)
Info: 0x55ef72eaf7b0
  nyx_baryon_zfp_gpu_r12       C=   0.49 W=   269.97 F=    0.22 S=   121.60 X=    0.12 S2= 128.24 | E=   1.18 O=   0.28 R=   147.32 ms  ratio= 21.33x  RMSE=inf maxae=inf (log-space)
Info: 0x55ef9c134b30
  nyx_baryon_zfp_gpu_r16       C=   0.65 W=   162.37 F=    0.23 S=   247.10 X=    0.15 S2=  36.71 | E=   1.08 O=   0.27 R=   157.32 ms  ratio= 16.00x  RMSE=6.201e-01 maxae=1.166e+01 (log-space)
[dbg main] done: arm=none, 1 datasets, 0 skipped, 4 measurements

=== TOTALS over 4 measurement files: create=2.63 write=730.62 flush=1.00 sync=632.70 close=0.64 csync=334.25 => write_total=1701.85 ms | evict=8.82 open=1.10 read=635.81 => read_total=636.91 ms | ratio=25.60x ===
