-- Found HDF5: hdf5-shared (found version "1.14.6")  
-- Found OpenMP_C: -fopenmp (found version "4.5") 
-- Found OpenMP_CXX: -fopenmp (found version "4.5") 
-- Found OpenMP_C: -fopenmp (found version "4.5") 
-- Found OpenMP_CXX: -fopenmp (found version "4.5") 
-- Found OpenMP_C: -fopenmp (found version "4.5") 
-- Found OpenMP_CXX: -fopenmp (found version "4.5") 
-- Found HDF5: hdf5-shared (found version "1.14.6") found components: C 
-- Found OpenMP_C: -fopenmp (found version "4.5") 
-- Found OpenMP_CXX: -fopenmp (found version "4.5") 
-- Found MPI: TRUE (found version "3.1") found components: CXX 
-- Found MPI: TRUE (found version "3.1")  
-- H5Z-SZ3 headers: /home/kdougherty/libpressio_cuda/.spack-env/view/include
-- H5Z-SZ3 library: /home/kdougherty/libpressio_cuda/.spack-env/view/lib/libhdf5sz3.so
-- H5Z-ZFP headers: /home/kdougherty/libpressio_cuda/.spack-env/view/include
-- Configuring done
CMake Warning at src/CMakeLists.txt:14 (add_library):
  Cannot generate a safe runtime search path for target hdf5_vol_passthrough
  because files in some directories may conflict with libraries in implicit
  directories:

    runtime library [libgomp.so.1] in /usr/lib/gcc/x86_64-linux-gnu/11 may be hidden by files in:
      /home/kdougherty/libpressio_cuda/.spack-env/view/lib

  Some of these libraries may not be found correctly.


CMake Warning at src/CMakeLists.txt:14 (add_library):
  Cannot generate a safe dependent library path for target
  hdf5_vol_passthrough because files in some directories may conflict with
  libraries in implicit directories:

    runtime library [libgomp.so.1] in /usr/lib/gcc/x86_64-linux-gnu/11 may be hidden by files in:
      /home/kdougherty/libpressio_cuda/.spack-env/view/lib

  Some of these libraries may not be found correctly.


CMake Warning at tests/CMakeLists.txt:19 (add_executable):
  Cannot generate a safe runtime search path for target test_cpu_write
  because files in some directories may conflict with libraries in implicit
  directories:

    runtime library [libgomp.so.1] in /usr/lib/gcc/x86_64-linux-gnu/11 may be hidden by files in:
      /home/kdougherty/libpressio_cuda/.spack-env/view/lib

  Some of these libraries may not be found correctly.


CMake Warning at tests/CMakeLists.txt:19 (add_executable):
  Cannot generate a safe dependent library path for target test_cpu_write
  because files in some directories may conflict with libraries in implicit
  directories:

    runtime library [libgomp.so.1] in /usr/lib/gcc/x86_64-linux-gnu/11 may be hidden by files in:
      /home/kdougherty/libpressio_cuda/.spack-env/view/lib

  Some of these libraries may not be found correctly.


CMake Warning at tests/CMakeLists.txt:19 (add_executable):
  Cannot generate a safe runtime search path for target test_time_hurricane
  because files in some directories may conflict with libraries in implicit
  directories:

    runtime library [libgomp.so.1] in /usr/lib/gcc/x86_64-linux-gnu/11 may be hidden by files in:
      /home/kdougherty/libpressio_cuda/.spack-env/view/lib

  Some of these libraries may not be found correctly.


CMake Warning at tests/CMakeLists.txt:19 (add_executable):
  Cannot generate a safe dependent library path for target
  test_time_hurricane because files in some directories may conflict with
  libraries in implicit directories:

    runtime library [libgomp.so.1] in /usr/lib/gcc/x86_64-linux-gnu/11 may be hidden by files in:
      /home/kdougherty/libpressio_cuda/.spack-env/view/lib

  Some of these libraries may not be found correctly.


CMake Warning at tests/CMakeLists.txt:19 (add_executable):
  Cannot generate a safe runtime search path for target test_time_miranda
  because files in some directories may conflict with libraries in implicit
  directories:

    runtime library [libgomp.so.1] in /usr/lib/gcc/x86_64-linux-gnu/11 may be hidden by files in:
      /home/kdougherty/libpressio_cuda/.spack-env/view/lib

  Some of these libraries may not be found correctly.


CMake Warning at tests/CMakeLists.txt:19 (add_executable):
  Cannot generate a safe dependent library path for target test_time_miranda
  because files in some directories may conflict with libraries in implicit
  directories:

    runtime library [libgomp.so.1] in /usr/lib/gcc/x86_64-linux-gnu/11 may be hidden by files in:
      /home/kdougherty/libpressio_cuda/.spack-env/view/lib

  Some of these libraries may not be found correctly.


CMake Warning at tests/CMakeLists.txt:19 (add_executable):
  Cannot generate a safe runtime search path for target test_ci because files
  in some directories may conflict with libraries in implicit directories:

    runtime library [libgomp.so.1] in /usr/lib/gcc/x86_64-linux-gnu/11 may be hidden by files in:
      /home/kdougherty/libpressio_cuda/.spack-env/view/lib

  Some of these libraries may not be found correctly.


CMake Warning at tests/CMakeLists.txt:19 (add_executable):
  Cannot generate a safe dependent library path for target test_ci because
  files in some directories may conflict with libraries in implicit
  directories:

    runtime library [libgomp.so.1] in /usr/lib/gcc/x86_64-linux-gnu/11 may be hidden by files in:
      /home/kdougherty/libpressio_cuda/.spack-env/view/lib

  Some of these libraries may not be found correctly.


CMake Warning at tests/CMakeLists.txt:19 (add_executable):
  Cannot generate a safe runtime search path for target test_error_miranda
  because files in some directories may conflict with libraries in implicit
  directories:

    runtime library [libgomp.so.1] in /usr/lib/gcc/x86_64-linux-gnu/11 may be hidden by files in:
      /home/kdougherty/libpressio_cuda/.spack-env/view/lib

  Some of these libraries may not be found correctly.


CMake Warning at tests/CMakeLists.txt:19 (add_executable):
  Cannot generate a safe dependent library path for target test_error_miranda
  because files in some directories may conflict with libraries in implicit
  directories:

    runtime library [libgomp.so.1] in /usr/lib/gcc/x86_64-linux-gnu/11 may be hidden by files in:
      /home/kdougherty/libpressio_cuda/.spack-env/view/lib

  Some of these libraries may not be found correctly.


CMake Warning at tests/CMakeLists.txt:19 (add_executable):
  Cannot generate a safe runtime search path for target bench_vol_timing
  because files in some directories may conflict with libraries in implicit
  directories:

    runtime library [libgomp.so.1] in /usr/lib/gcc/x86_64-linux-gnu/11 may be hidden by files in:
      /home/kdougherty/libpressio_cuda/.spack-env/view/lib

  Some of these libraries may not be found correctly.


CMake Warning at tests/CMakeLists.txt:19 (add_executable):
  Cannot generate a safe dependent library path for target bench_vol_timing
  because files in some directories may conflict with libraries in implicit
  directories:

    runtime library [libgomp.so.1] in /usr/lib/gcc/x86_64-linux-gnu/11 may be hidden by files in:
      /home/kdougherty/libpressio_cuda/.spack-env/view/lib

  Some of these libraries may not be found correctly.


CMake Warning at tests/CMakeLists.txt:19 (add_executable):
  Cannot generate a safe runtime search path for target bench_pressio_timing
  because files in some directories may conflict with libraries in implicit
  directories:

    runtime library [libgomp.so.1] in /usr/lib/gcc/x86_64-linux-gnu/11 may be hidden by files in:
      /home/kdougherty/libpressio_cuda/.spack-env/view/lib

  Some of these libraries may not be found correctly.


CMake Warning at tests/CMakeLists.txt:19 (add_executable):
  Cannot generate a safe dependent library path for target
  bench_pressio_timing because files in some directories may conflict with
  libraries in implicit directories:

    runtime library [libgomp.so.1] in /usr/lib/gcc/x86_64-linux-gnu/11 may be hidden by files in:
      /home/kdougherty/libpressio_cuda/.spack-env/view/lib

  Some of these libraries may not be found correctly.


CMake Warning at tests/CMakeLists.txt:19 (add_executable):
  Cannot generate a safe runtime search path for target bench_filter_timing
  because files in some directories may conflict with libraries in implicit
  directories:

    runtime library [libgomp.so.1] in /usr/lib/gcc/x86_64-linux-gnu/11 may be hidden by files in:
      /home/kdougherty/libpressio_cuda/.spack-env/view/lib

  Some of these libraries may not be found correctly.


CMake Warning at tests/CMakeLists.txt:19 (add_executable):
  Cannot generate a safe dependent library path for target
  bench_filter_timing because files in some directories may conflict with
  libraries in implicit directories:

    runtime library [libgomp.so.1] in /usr/lib/gcc/x86_64-linux-gnu/11 may be hidden by files in:
      /home/kdougherty/libpressio_cuda/.spack-env/view/lib

  Some of these libraries may not be found correctly.


CMake Warning at tests/CMakeLists.txt:81 (add_executable):
  Cannot generate a safe runtime search path for target dump_cuszp_opts
  because files in some directories may conflict with libraries in implicit
  directories:

    runtime library [libgomp.so.1] in /usr/lib/gcc/x86_64-linux-gnu/11 may be hidden by files in:
      /home/kdougherty/libpressio_cuda/.spack-env/view/lib

  Some of these libraries may not be found correctly.


CMake Warning at tests/CMakeLists.txt:81 (add_executable):
  Cannot generate a safe dependent library path for target dump_cuszp_opts
  because files in some directories may conflict with libraries in implicit
  directories:

    runtime library [libgomp.so.1] in /usr/lib/gcc/x86_64-linux-gnu/11 may be hidden by files in:
      /home/kdougherty/libpressio_cuda/.spack-env/view/lib

  Some of these libraries may not be found correctly.


CMake Warning at examples/CMakeLists.txt:12 (add_executable):
  Cannot generate a safe runtime search path for target new_h5api_ex because
  files in some directories may conflict with libraries in implicit
  directories:

    runtime library [libgomp.so.1] in /usr/lib/gcc/x86_64-linux-gnu/11 may be hidden by files in:
      /home/kdougherty/libpressio_cuda/.spack-env/view/lib

  Some of these libraries may not be found correctly.


CMake Warning at examples/CMakeLists.txt:12 (add_executable):
  Cannot generate a safe dependent library path for target new_h5api_ex
  because files in some directories may conflict with libraries in implicit
  directories:

    runtime library [libgomp.so.1] in /usr/lib/gcc/x86_64-linux-gnu/11 may be hidden by files in:
      /home/kdougherty/libpressio_cuda/.spack-env/view/lib

  Some of these libraries may not be found correctly.


CMake Warning at examples/CMakeLists.txt:12 (add_executable):
  Cannot generate a safe runtime search path for target async_new_h5api_ex
  because files in some directories may conflict with libraries in implicit
  directories:

    runtime library [libgomp.so.1] in /usr/lib/gcc/x86_64-linux-gnu/11 may be hidden by files in:
      /home/kdougherty/libpressio_cuda/.spack-env/view/lib

  Some of these libraries may not be found correctly.


CMake Warning at examples/CMakeLists.txt:12 (add_executable):
  Cannot generate a safe dependent library path for target async_new_h5api_ex
  because files in some directories may conflict with libraries in implicit
  directories:

    runtime library [libgomp.so.1] in /usr/lib/gcc/x86_64-linux-gnu/11 may be hidden by files in:
      /home/kdougherty/libpressio_cuda/.spack-env/view/lib

  Some of these libraries may not be found correctly.


-- Generating done
-- Build files have been written to: /home/kdougherty/hdf5_projs/vol-external-passthrough/build_zfpfilter
