-- The C compiler identification is GNU 11.4.0
-- The CXX compiler identification is GNU 11.4.0
-- The CUDA compiler identification is NVIDIA 12.9.86
-- Detecting C compiler ABI info
-- Detecting C compiler ABI info - done
-- Check for working C compiler: /gpfs/fs1/home/software/swing/HPCX/hpcx-v2.26-gcc-doca_ofed-ubuntu22.04-cuda13-x86_64/ompi4/bin/mpicc - skipped
-- Detecting C compile features
-- Detecting C compile features - done
-- Detecting CXX compiler ABI info
-- Detecting CXX compiler ABI info - done
-- Check for working CXX compiler: /gpfs/fs1/home/software/swing/HPCX/hpcx-v2.26-gcc-doca_ofed-ubuntu22.04-cuda13-x86_64/ompi4/bin/mpicxx - skipped
-- Detecting CXX compile features
-- Detecting CXX compile features - done
-- Detecting CUDA compiler ABI info
-- Detecting CUDA compiler ABI info - done
-- Check for working CUDA compiler: /home/kdougherty/libpressio_cuda/.spack-env/view/bin/nvcc - skipped
-- Detecting CUDA compile features
-- Detecting CUDA compile features - done
-- Found HDF5: hdf5-shared (found version "1.14.6")  
-- Found OpenMP_C: -fopenmp (found version "4.5") 
-- Found OpenMP_CXX: -fopenmp (found version "4.5") 
-- Found OpenMP: TRUE (found version "4.5")  
-- Found BZip2: /home/kdougherty/libpressio_cuda/.spack-env/view/lib/libbz2.so (found version "1.0.8") 
-- Looking for BZ2_bzCompressInit
-- Looking for BZ2_bzCompressInit - found
-- Found OpenMP_C: -fopenmp (found version "4.5") 
-- Found OpenMP_CXX: -fopenmp (found version "4.5") 
-- Found ZLIB: /home/kdougherty/libpressio_cuda/.spack-env/view/lib/libz.so (found version "1.3.1") 
-- Found PkgConfig: /home/kdougherty/libpressio_cuda/.spack-env/view/bin/pkg-config (found version "2.5.1") 
-- Checking for one of the modules 'libzstd'
-- Found CUDAToolkit: /home/kdougherty/libpressio_cuda/.spack-env/view/include (found version "12.9.86") 
-- Looking for pthread.h
-- Looking for pthread.h - found
-- Performing Test CMAKE_HAVE_LIBC_PTHREAD
-- Performing Test CMAKE_HAVE_LIBC_PTHREAD - Success
-- Found Threads: TRUE  
-- Found nvcomp: /home/kdougherty/libpressio_cuda/.spack-env/view/lib/cmake/nvcomp/nvcomp-config.cmake  
-- Checking for one of the modules 'protobuf>=3.0.0'
-- Found OpenMP_C: -fopenmp (found version "4.5") 
-- Found OpenMP_CXX: -fopenmp (found version "4.5") 
-- Found mgard: /home/kdougherty/libpressio_cuda/.spack-env/view/lib/cmake/mgard/mgard-config.cmake (found version "1.5.2") 
-- Found ZFP: /home/kdougherty/libpressio_cuda/.spack-env/view/lib/cmake/zfp/zfp-config.cmake (found version "0.5.5") 
-- Found HDF5: hdf5-shared (found version "1.14.6") found components: C 
-- Found OpenMP_C: -fopenmp (found version "4.5") 
-- Found OpenMP_CXX: -fopenmp (found version "4.5") 
-- Found GSL: /home/kdougherty/libpressio_cuda/.spack-env/view/include (found version "2.8") 
-- Checking for one of the modules 'blosc'
-- Found MPI_C: /gpfs/fs1/home/software/swing/HPCX/hpcx-v2.26-gcc-doca_ofed-ubuntu22.04-cuda13-x86_64/ompi4/bin/mpicc (found version "3.1") 
-- Found MPI_CXX: /gpfs/fs1/home/software/swing/HPCX/hpcx-v2.26-gcc-doca_ofed-ubuntu22.04-cuda13-x86_64/ompi4/bin/mpicxx (found version "3.1") 
-- Found MPI: TRUE (found version "3.1")  
-- Found fpzip: /home/kdougherty/libpressio_cuda/.spack-env/view/lib/cmake/fpzip/fpzip-config.cmake (found version "1.3.0") 
-- Found MPI: TRUE (found version "3.1") found components: CXX 
-- Checking for one of the modules 'lua;luajit'
-- Found nlohmann_json: /home/kdougherty/libpressio_cuda/.spack-env/view/share/cmake/nlohmann_json/nlohmann_jsonConfig.cmake (found version "3.12.0") 
-- Found Python3: /home/kdougherty/libpressio_cuda/.spack-env/view/bin/python3 (found version "3.14.5") found components: Interpreter Development NumPy Development.Module Development.Embed 
-- Found SWIG: /home/kdougherty/libpressio_cuda/.spack-env/view/bin/swig4.0 (found version "4.1.1")  
-- Found MPI: TRUE (found version "3.1")  
-- Checking for module 'SPERR'
--   Found SPERR, version 0.8.2
-- H5Z-SZ3 headers: /home/kdougherty/libpressio_cuda/.spack-env/view/include
-- H5Z-SZ3 library: /home/kdougherty/libpressio_cuda/.spack-env/view/lib/libhdf5sz3.so
-- H5Z-ZFP headers: /home/kdougherty/libpressio_cuda/.spack-env/view/include
-- Configuring done
CMake Warning at src/CMakeLists.txt:14 (add_library):
  Cannot generate a safe runtime search path for target hdf5_vol_passthrough
  because files in some directories may conflict with libraries in implicit
  directories:

    runtime library [libgomp.so.1] in /usr/lib/gcc/x86_64-linux-gnu/11 may be hidden by files in:
      /home/kdougherty/libpressio_cuda/.spack-env/view/lib

  Some of these libraries may not be found correctly.


CMake Warning at src/CMakeLists.txt:14 (add_library):
  Cannot generate a safe dependent library path for target
  hdf5_vol_passthrough because files in some directories may conflict with
  libraries in implicit directories:

    runtime library [libgomp.so.1] in /usr/lib/gcc/x86_64-linux-gnu/11 may be hidden by files in:
      /home/kdougherty/libpressio_cuda/.spack-env/view/lib

  Some of these libraries may not be found correctly.


CMake Warning at tests/CMakeLists.txt:19 (add_executable):
  Cannot generate a safe runtime search path for target test_cpu_write
  because files in some directories may conflict with libraries in implicit
  directories:

    runtime library [libgomp.so.1] in /usr/lib/gcc/x86_64-linux-gnu/11 may be hidden by files in:
      /home/kdougherty/libpressio_cuda/.spack-env/view/lib

  Some of these libraries may not be found correctly.


CMake Warning at tests/CMakeLists.txt:19 (add_executable):
  Cannot generate a safe dependent library path for target test_cpu_write
  because files in some directories may conflict with libraries in implicit
  directories:

    runtime library [libgomp.so.1] in /usr/lib/gcc/x86_64-linux-gnu/11 may be hidden by files in:
      /home/kdougherty/libpressio_cuda/.spack-env/view/lib

  Some of these libraries may not be found correctly.


CMake Warning at tests/CMakeLists.txt:19 (add_executable):
  Cannot generate a safe runtime search path for target test_time_hurricane
  because files in some directories may conflict with libraries in implicit
  directories:

    runtime library [libgomp.so.1] in /usr/lib/gcc/x86_64-linux-gnu/11 may be hidden by files in:
      /home/kdougherty/libpressio_cuda/.spack-env/view/lib

  Some of these libraries may not be found correctly.


CMake Warning at tests/CMakeLists.txt:19 (add_executable):
  Cannot generate a safe dependent library path for target
  test_time_hurricane because files in some directories may conflict with
  libraries in implicit directories:

    runtime library [libgomp.so.1] in /usr/lib/gcc/x86_64-linux-gnu/11 may be hidden by files in:
      /home/kdougherty/libpressio_cuda/.spack-env/view/lib

  Some of these libraries may not be found correctly.


CMake Warning at tests/CMakeLists.txt:19 (add_executable):
  Cannot generate a safe runtime search path for target test_time_miranda
  because files in some directories may conflict with libraries in implicit
  directories:

    runtime library [libgomp.so.1] in /usr/lib/gcc/x86_64-linux-gnu/11 may be hidden by files in:
      /home/kdougherty/libpressio_cuda/.spack-env/view/lib

  Some of these libraries may not be found correctly.


CMake Warning at tests/CMakeLists.txt:19 (add_executable):
  Cannot generate a safe dependent library path for target test_time_miranda
  because files in some directories may conflict with libraries in implicit
  directories:

    runtime library [libgomp.so.1] in /usr/lib/gcc/x86_64-linux-gnu/11 may be hidden by files in:
      /home/kdougherty/libpressio_cuda/.spack-env/view/lib

  Some of these libraries may not be found correctly.


CMake Warning at tests/CMakeLists.txt:19 (add_executable):
  Cannot generate a safe runtime search path for target test_ci because files
  in some directories may conflict with libraries in implicit directories:

    runtime library [libgomp.so.1] in /usr/lib/gcc/x86_64-linux-gnu/11 may be hidden by files in:
      /home/kdougherty/libpressio_cuda/.spack-env/view/lib

  Some of these libraries may not be found correctly.


CMake Warning at tests/CMakeLists.txt:19 (add_executable):
  Cannot generate a safe dependent library path for target test_ci because
  files in some directories may conflict with libraries in implicit
  directories:

    runtime library [libgomp.so.1] in /usr/lib/gcc/x86_64-linux-gnu/11 may be hidden by files in:
      /home/kdougherty/libpressio_cuda/.spack-env/view/lib

  Some of these libraries may not be found correctly.


CMake Warning at tests/CMakeLists.txt:19 (add_executable):
  Cannot generate a safe runtime search path for target test_error_miranda
  because files in some directories may conflict with libraries in implicit
  directories:

    runtime library [libgomp.so.1] in /usr/lib/gcc/x86_64-linux-gnu/11 may be hidden by files in:
      /home/kdougherty/libpressio_cuda/.spack-env/view/lib

  Some of these libraries may not be found correctly.


CMake Warning at tests/CMakeLists.txt:19 (add_executable):
  Cannot generate a safe dependent library path for target test_error_miranda
  because files in some directories may conflict with libraries in implicit
  directories:

    runtime library [libgomp.so.1] in /usr/lib/gcc/x86_64-linux-gnu/11 may be hidden by files in:
      /home/kdougherty/libpressio_cuda/.spack-env/view/lib

  Some of these libraries may not be found correctly.


CMake Warning at tests/CMakeLists.txt:19 (add_executable):
  Cannot generate a safe runtime search path for target bench_vol_timing
  because files in some directories may conflict with libraries in implicit
  directories:

    runtime library [libgomp.so.1] in /usr/lib/gcc/x86_64-linux-gnu/11 may be hidden by files in:
      /home/kdougherty/libpressio_cuda/.spack-env/view/lib

  Some of these libraries may not be found correctly.


CMake Warning at tests/CMakeLists.txt:19 (add_executable):
  Cannot generate a safe dependent library path for target bench_vol_timing
  because files in some directories may conflict with libraries in implicit
  directories:

    runtime library [libgomp.so.1] in /usr/lib/gcc/x86_64-linux-gnu/11 may be hidden by files in:
      /home/kdougherty/libpressio_cuda/.spack-env/view/lib

  Some of these libraries may not be found correctly.


CMake Warning at tests/CMakeLists.txt:19 (add_executable):
  Cannot generate a safe runtime search path for target bench_pressio_timing
  because files in some directories may conflict with libraries in implicit
  directories:

    runtime library [libgomp.so.1] in /usr/lib/gcc/x86_64-linux-gnu/11 may be hidden by files in:
      /home/kdougherty/libpressio_cuda/.spack-env/view/lib

  Some of these libraries may not be found correctly.


CMake Warning at tests/CMakeLists.txt:19 (add_executable):
  Cannot generate a safe dependent library path for target
  bench_pressio_timing because files in some directories may conflict with
  libraries in implicit directories:

    runtime library [libgomp.so.1] in /usr/lib/gcc/x86_64-linux-gnu/11 may be hidden by files in:
      /home/kdougherty/libpressio_cuda/.spack-env/view/lib

  Some of these libraries may not be found correctly.


CMake Warning at tests/CMakeLists.txt:19 (add_executable):
  Cannot generate a safe runtime search path for target bench_filter_timing
  because files in some directories may conflict with libraries in implicit
  directories:

    runtime library [libgomp.so.1] in /usr/lib/gcc/x86_64-linux-gnu/11 may be hidden by files in:
      /home/kdougherty/libpressio_cuda/.spack-env/view/lib

  Some of these libraries may not be found correctly.


CMake Warning at tests/CMakeLists.txt:19 (add_executable):
  Cannot generate a safe dependent library path for target
  bench_filter_timing because files in some directories may conflict with
  libraries in implicit directories:

    runtime library [libgomp.so.1] in /usr/lib/gcc/x86_64-linux-gnu/11 may be hidden by files in:
      /home/kdougherty/libpressio_cuda/.spack-env/view/lib

  Some of these libraries may not be found correctly.


CMake Warning at tests/CMakeLists.txt:81 (add_executable):
  Cannot generate a safe runtime search path for target dump_cuszp_opts
  because files in some directories may conflict with libraries in implicit
  directories:

    runtime library [libgomp.so.1] in /usr/lib/gcc/x86_64-linux-gnu/11 may be hidden by files in:
      /home/kdougherty/libpressio_cuda/.spack-env/view/lib

  Some of these libraries may not be found correctly.


CMake Warning at tests/CMakeLists.txt:81 (add_executable):
  Cannot generate a safe dependent library path for target dump_cuszp_opts
  because files in some directories may conflict with libraries in implicit
  directories:

    runtime library [libgomp.so.1] in /usr/lib/gcc/x86_64-linux-gnu/11 may be hidden by files in:
      /home/kdougherty/libpressio_cuda/.spack-env/view/lib

  Some of these libraries may not be found correctly.


-- Generating done
-- Build files have been written to: /home/kdougherty/hdf5_projs/vol-external-passthrough/build_g2
