WARNING: CPU IP/backtrace sampling not supported, disabling.
Try the 'nsys status --environment' command to learn more.

WARNING: CPU context switch tracing not supported, disabling.
Try the 'nsys status --environment' command to learn more.

[dbg main] h5base=/lcrc/project/SDR/kdougherty/vol_bench_h5/g2_prof_host.h5 csv=/dev/null xcsv=/dev/null only=nyx_baryon comp=cuszp_1e3 verify=0 keep_h5=0 debug=0
[dbg main] durability: fsync=1 sync_dir=1 drop_cache=1 (BENCH_FSYNC / BENCH_SYNC_DIR / BENCH_DROP_CACHE)
[dbg main] one measurement per (dataset x compressor), no warmup, own file at <base>_<comp>.h5
name           dtype  rank src    dims                   MiB        needGiB    exists
miranda        double 3    raw    256x384x384            288.0      0.6        yes
ocean_temp     float  0    hdf5   (from file)            0.0        0.0        yes
einspline37    float  1    raw    3390212880             12932.6    25.3       yes
scale-T        float  3    raw    98x1200x1200           538.3      1.1        yes
s3d            double 3    raw    500x500x500            953.7      1.9        yes
nyx_baryon     float  0    hdf5   (from file)            0.0        0.0        yes
MemAvailable: 952.2 GiB (needGiB is hbuf+rbuf only; the connector needs more)
6/6 dataset paths readable
RANGE nyx_baryon     min=5.637747e-02 max=1.166017e+01 range=1.160379e+01 xform=log1p
[device] nyx_baryon: 512.0 MiB resident on GPU
[device] arm=host d2h_ms=295.924 pcie_in=512.0 MiB

=== nyx_baryon (512.0 MiB, float, hdf5, transformed) ===
Info: 0x5606287b3880
  nyx_baryon_cuszp_1e3         C=   1.14 W=   282.31 F=   82.41 S=   125.02 X=    0.21 S2= 112.26 | E=   1.28 O=   0.29 R=   151.50 ms  ratio=  4.29x  RMSE=5.773e-04 maxae=1.000e-03 (log-space)
[dbg main] done: 1 datasets, 0 skipped, 1 measurements

=== TOTALS over 1 measurement files: create=1.14 write=282.31 flush=82.41 sync=125.02 close=0.21 csync=112.26 => write_total=603.34 ms | evict=1.28 open=0.29 read=151.50 => read_total=151.78 ms | ratio=4.29x ===
Generating '/var/tmp/pbs.53016.gpumgt1/nsys-report-693b.qdstrm'
[1/1] [0%                          ] g2_host.nsys-rep[1/1] [0%                          ] g2_host.nsys-rep[1/1] [=====31%                    ] g2_host.nsys-rep[1/1] [=============60%            ] g2_host.nsys-rep[1/1] [=================72%        ] g2_host.nsys-rep[1/1] [====================85%     ] g2_host.nsys-rep[1/1] [=====================86%    ] g2_host.nsys-rep[1/1] [=====================87%    ] g2_host.nsys-rep[1/1] [=====================88%    ] g2_host.nsys-rep[1/1] [=====================89%    ] g2_host.nsys-rep[1/1] [========================98% ] g2_host.nsys-rep[1/1] [========================100%] g2_host.nsys-rep[1/1] [========================100%] g2_host.nsys-rep
Generated:
    /home/kdougherty/hdf5_projs/vol-external-passthrough/nsys_g2/g2_host.nsys-rep
