[dbg main] h5base=/lcrc/project/SDR/kdougherty/vol_bench_h5/g2_device.h5 csv=/home/kdougherty/hdf5_projs/vol-external-passthrough/devres_results/20260812_165902_53020/results_vol_device.csv xcsv=/home/kdougherty/hdf5_projs/vol-external-passthrough/devres_results/20260812_165902_53020/results_vol_ext_device.csv only=miranda scale-T s3d nyx_baryon ocean_temp qmc comp=zfp_gpu_r4 zfp_gpu_r8 zfp_gpu_r12 zfp_gpu_r16 verify=0 keep_h5=0 debug=0
[dbg main] durability: fsync=1 sync_dir=1 drop_cache=1 (BENCH_FSYNC / BENCH_SYNC_DIR / BENCH_DROP_CACHE)
[dbg main] staging arm=device  ledger=/home/kdougherty/hdf5_projs/vol-external-passthrough/devres_results/20260812_165902_53020/staging_device.csv
[dbg main] one measurement per (dataset x compressor), no warmup, own file at <base>_<comp>.h5
name           dtype  rank src    dims                   MiB        needGiB    exists
miranda        double 3    raw    256x384x384            288.0      0.6        yes
ocean_temp     float  0    hdf5   (from file)            0.0        0.0        yes
einspline37    float  1    raw    3390212880             12932.6    25.3       yes
scale-T        float  3    raw    98x1200x1200           538.3      1.1        yes
s3d            double 3    raw    500x500x500            953.7      1.9        yes
nyx_baryon     float  0    hdf5   (from file)            0.0        0.0        yes
MemAvailable: 954.7 GiB (needGiB is hbuf+rbuf only; the connector needs more)
6/6 dataset paths readable
RANGE miranda        min=9.999878e-01 max=3.000046e+00 range=2.000058e+00 xform=none
[device] miranda: 288.0 MiB resident on GPU (setup h2d=25.494 ms)
[device] arm=device: VOL receives the device pointer; no host round trip for the write

=== miranda (288.0 MiB, double, raw) ===
Info: 0x55641516e630
  miranda_zfp_gpu_r4           C=   1.13 W=    18.17 F=    0.40 S=   104.27 X=    0.20 S2=  39.92 | E=   1.16 O=   0.30 R=    78.63 ms  ratio=128.00x  RMSE=2.127e+00 maxae=3.000e+00
Info: 0x5564151fcf10
  miranda_zfp_gpu_r8           C=   0.49 W=    11.50 F=    0.28 S=   125.99 X=    0.14 S2=  45.91 | E=   5.47 O=   0.26 R=    72.79 ms  ratio= 64.00x  RMSE=2.127e+00 maxae=3.000e+00
Info: 0x5564151f4680
  miranda_zfp_gpu_r12          C=   0.49 W=    14.47 F=    0.29 S=    98.13 X=    0.13 S2=  56.64 | E=   1.17 O=   0.26 R=    69.19 ms  ratio= 42.67x  RMSE=2.127e+00 maxae=3.000e+00
Info: 0x5564151fe760
  miranda_zfp_gpu_r16          C=   0.50 W=    12.88 F=    0.30 S=   107.60 X=    0.15 S2= 123.34 | E=   5.45 O=   0.26 R=    77.06 ms  ratio= 32.00x  RMSE=2.127e+00 maxae=3.000e+00
RANGE ocean_temp     min=4.445019e+00 max=1.072704e+01 range=6.282023e+00 xform=none
[device] ocean_temp: 123.1 MiB resident on GPU (setup h2d=12.116 ms)
[device] arm=device: VOL receives the device pointer; no host round trip for the write

=== ocean_temp (123.1 MiB, float, hdf5) ===
Info: 0x556430dd2fb0
  ocean_temp_zfp_gpu_r4        C=   0.55 W=     8.05 F=    0.28 S=   100.67 X=    0.14 S2=  68.16 | E=   1.09 O=   0.27 R=    32.28 ms  ratio= 60.44x  RMSE=inf maxae=inf
Info: 0x55641516c0f0
  ocean_temp_zfp_gpu_r8        C=   0.48 W=    12.84 F=    0.28 S=   113.09 X=    0.14 S2=  74.74 | E=   3.68 O=   0.27 R=    37.77 ms  ratio= 30.22x  RMSE=9.436e+00 maxae=1.073e+01
Info: 0x556430dd0460
  ocean_temp_zfp_gpu_r12       C=   0.48 W=    10.46 F=    0.28 S=   122.17 X=    0.14 S2=  72.08 | E=   1.06 O=   0.27 R=    41.91 ms  ratio= 20.15x  RMSE=9.436e+00 maxae=1.073e+01
Info: 0x556430de2e30
  ocean_temp_zfp_gpu_r16       C=   0.48 W=    13.01 F=    0.29 S=   116.01 X=    0.15 S2=  83.93 | E=   1.08 O=   0.26 R=    33.85 ms  ratio= 15.11x  RMSE=9.436e+00 maxae=1.073e+01
RANGE scale-T        min=5.209023e+00 max=5.754571e+00 range=5.455480e-01 xform=log1p
[device] scale-T: 538.3 MiB resident on GPU (setup h2d=56.194 ms)
[device] arm=device: VOL receives the device pointer; no host round trip for the write

=== scale-T (538.3 MiB, float, raw, transformed) ===
Info: 0x556430de6820
  scale-T_zfp_gpu_r4           C=   0.74 W=    16.57 F=    0.29 S=   135.20 X=    0.18 S2= 105.13 | E=   2.03 O=   0.26 R=   108.62 ms  ratio= 62.72x  RMSE=inf maxae=inf (log-space)
Info: 0x5564150cdc60
  scale-T_zfp_gpu_r8           C=   0.46 W=   272.67 F=    0.27 S=    49.38 X=    0.15 S2=  47.86 | E=   0.17 O=   0.26 R=   119.18 ms  ratio= 31.36x  RMSE=inf maxae=inf (log-space)
Info: 0x556430e03b70
  scale-T_zfp_gpu_r12          C=   0.51 W=   132.40 F=    0.22 S=   216.57 X=    0.15 S2= 112.09 | E=   1.05 O=   0.26 R=   122.85 ms  ratio= 20.91x  RMSE=inf maxae=inf (log-space)
Info: 0x5564308c00d0
  scale-T_zfp_gpu_r16          C=   0.48 W=   122.20 F=    0.22 S=   121.74 X=    0.13 S2=  86.25 | E=   3.97 O=   0.38 R=  1071.81 ms  ratio= 15.68x  RMSE=5.521e+00 maxae=5.755e+00 (log-space)
RANGE s3d            min=-6.362436e-15 max=3.920002e-02 range=3.920002e-02 xform=none
[ERR] cudaMalloc 953.7 MiB failed for s3d: an illegal memory access was encountered
RANGE nyx_baryon     min=5.637747e-02 max=1.166017e+01 range=1.160379e+01 xform=log1p
[ERR] cudaMalloc 512.0 MiB failed for nyx_baryon: an illegal memory access was encountered
[dbg main] done: arm=device, 3 datasets, 2 skipped, 12 measurements

=== TOTALS over 12 measurement files: create=6.81 write=645.21 flush=3.39 sync=1410.81 close=1.79 csync=916.05 => write_total=2984.07 ms | evict=27.38 open=3.33 read=1865.94 => read_total=1869.27 ms | ratio=29.51x ===
