[dbg main] h5base=/lcrc/project/SDR/kdougherty/vol_bench_h5/g2_host.h5 csv=/home/kdougherty/hdf5_projs/vol-external-passthrough/devres_results/20260812_165902_53020/results_vol_host.csv xcsv=/home/kdougherty/hdf5_projs/vol-external-passthrough/devres_results/20260812_165902_53020/results_vol_ext_host.csv only=miranda scale-T s3d nyx_baryon ocean_temp qmc comp=zfp_gpu_r4 zfp_gpu_r8 zfp_gpu_r12 zfp_gpu_r16 verify=0 keep_h5=0 debug=0
[dbg main] durability: fsync=1 sync_dir=1 drop_cache=1 (BENCH_FSYNC / BENCH_SYNC_DIR / BENCH_DROP_CACHE)
[dbg main] staging arm=host  ledger=/home/kdougherty/hdf5_projs/vol-external-passthrough/devres_results/20260812_165902_53020/staging_host.csv
[dbg main] one measurement per (dataset x compressor), no warmup, own file at <base>_<comp>.h5
name           dtype  rank src    dims                   MiB        needGiB    exists
miranda        double 3    raw    256x384x384            288.0      0.6        yes
ocean_temp     float  0    hdf5   (from file)            0.0        0.0        yes
einspline37    float  1    raw    3390212880             12932.6    25.3       yes
scale-T        float  3    raw    98x1200x1200           538.3      1.1        yes
s3d            double 3    raw    500x500x500            953.7      1.9        yes
nyx_baryon     float  0    hdf5   (from file)            0.0        0.0        yes
MemAvailable: 954.7 GiB (needGiB is hbuf+rbuf only; the connector needs more)
6/6 dataset paths readable
RANGE miranda        min=9.999878e-01 max=3.000046e+00 range=2.000058e+00 xform=none
[device] miranda: 288.0 MiB resident on GPU (setup h2d=28.900 ms)
[device] arm=host d2h_ms=164.885 pcie_in=288.0 MiB (the leg the device arm skips)

=== miranda (288.0 MiB, double, raw) ===
Info: 0x55ec04b85b30
  miranda_zfp_gpu_r4           C=   4.79 W=  2031.24 F=    0.38 S=    98.97 X=    0.59 S2=  49.61 | E=   1.00 O=   0.46 R=    98.06 ms  ratio=128.00x  RMSE=inf maxae=inf
Info: 0x55ec04c14260
  miranda_zfp_gpu_r8           C=   1.25 W=   112.06 F=    0.28 S=   108.89 X=    0.13 S2=  58.79 | E=   1.14 O=   0.27 R=    70.87 ms  ratio= 64.00x  RMSE=inf maxae=inf
timeout: the monitored command dumped core
