[dbg main] h5base=/lcrc/project/SDR/kdougherty/vol_bench_h5/devres_device_miranda.h5 csv=/home/kdougherty/hdf5_projs/vol-external-passthrough/devres_results/20260812_172527_53023/results_vol_device_miranda.csv xcsv=/home/kdougherty/hdf5_projs/vol-external-passthrough/devres_results/20260812_172527_53023/results_vol_ext_device_miranda.csv only=miranda comp=zfp_gpu_r4 zfp_gpu_r8 zfp_gpu_r12 zfp_gpu_r16 verify=0 keep_h5=0 debug=0
[dbg main] durability: fsync=1 sync_dir=1 drop_cache=1 (BENCH_FSYNC / BENCH_SYNC_DIR / BENCH_DROP_CACHE)
[dbg main] staging arm=device  ledger=/home/kdougherty/hdf5_projs/vol-external-passthrough/devres_results/20260812_172527_53023/staging_device_miranda.csv
[dbg main] one measurement per (dataset x compressor), no warmup, own file at <base>_<comp>.h5
name           dtype  rank src    dims                   MiB        needGiB    exists
miranda        double 3    raw    256x384x384            288.0      0.6        yes
ocean_temp     float  0    hdf5   (from file)            0.0        0.0        yes
einspline37    float  1    raw    3390212880             12932.6    25.3       yes
scale-T        float  3    raw    98x1200x1200           538.3      1.1        yes
s3d            double 3    raw    500x500x500            953.7      1.9        yes
nyx_baryon     float  0    hdf5   (from file)            0.0        0.0        yes
MemAvailable: 954.4 GiB (needGiB is hbuf+rbuf only; the connector needs more)
6/6 dataset paths readable
RANGE miranda        min=9.999878e-01 max=3.000046e+00 range=2.000058e+00 xform=none
[device] miranda: 288.0 MiB resident on GPU (setup h2d=23.809 ms)
[device] arm=device: VOL receives the device pointer; no host round trip for the write

=== miranda (288.0 MiB, double, raw) ===
Info: 0x56161e7b82f0
  miranda_zfp_gpu_r4           C=   1.09 W=   152.61 F=    0.27 S=   137.14 X=    0.20 S2=  53.08 | E=   1.07 O=   0.30 R=    76.13 ms  ratio= 16.00x  RMSE=1.323e-04 maxae=1.232e-02
Info: 0x56161e8469d0
  miranda_zfp_gpu_r8           C=   0.46 W=   135.91 F=    0.24 S=   139.94 X=    0.12 S2=  62.65 | E=   4.05 O=   0.27 R=    86.08 ms  ratio=  8.00x  RMSE=6.719e-06 maxae=6.823e-04
Info: 0x56163b3d32a0
  miranda_zfp_gpu_r12          C=   0.48 W=   154.73 F=    0.22 S=   207.56 X=    0.11 S2=  53.40 | E=   1.08 O=   0.28 R=    85.99 ms  ratio=  5.33x  RMSE=4.241e-07 maxae=4.203e-05
Info: 0x56161e83b800
  miranda_zfp_gpu_r16          C=   0.52 W=   140.28 F=    0.23 S=   160.83 X=    0.11 S2= 169.90 | E=   7.86 O=   0.36 R=   104.70 ms  ratio=  4.00x  RMSE=2.650e-08 maxae=2.833e-06
[dbg main] done: arm=device, 1 datasets, 0 skipped, 4 measurements

=== TOTALS over 4 measurement files: create=2.56 write=583.54 flush=0.96 sync=645.48 close=0.53 csync=339.04 => write_total=1572.10 ms | evict=14.07 open=1.20 read=352.91 => read_total=354.12 ms | ratio=6.40x ===
