[dbg main] h5base=/lcrc/project/SDR/kdougherty/vol_bench_h5/devres_gate.h5 csv=/home/kdougherty/hdf5_projs/vol-external-passthrough/devres_results/20260812_172527_53023/logs/gate.csv xcsv=/home/kdougherty/hdf5_projs/vol-external-passthrough/devres_results/20260812_172527_53023/logs/gate_ext.csv only=miranda comp=zfp_gpu_r8 verify=1 keep_h5=0 debug=0
[dbg main] durability: fsync=1 sync_dir=1 drop_cache=1 (BENCH_FSYNC / BENCH_SYNC_DIR / BENCH_DROP_CACHE)
[dbg main] staging arm=none  ledger=(none -- D2H will not be recorded)
[dbg main] one measurement per (dataset x compressor), no warmup, own file at <base>_<comp>.h5
name           dtype  rank src    dims                   MiB        needGiB    exists
miranda        double 3    raw    256x384x384            288.0      0.6        yes
ocean_temp     float  0    hdf5   (from file)            0.0        0.0        yes
einspline37    float  1    raw    3390212880             12932.6    25.3       yes
scale-T        float  3    raw    98x1200x1200           538.3      1.1        yes
s3d            double 3    raw    500x500x500            953.7      1.9        yes
nyx_baryon     float  0    hdf5   (from file)            0.0        0.0        yes
MemAvailable: 954.4 GiB (needGiB is hbuf+rbuf only; the connector needs more)
6/6 dataset paths readable
RANGE miranda        min=9.999878e-01 max=3.000046e+00 range=2.000058e+00 xform=none
[zerorun] miranda_zfp_gpu_r8           fill_zeros=0 (0.00%)  longest=0 @ [0..0]
[chunkchk] miranda_zfp_gpu_r8           skipped (no error bound; rate mode)

=== miranda (288.0 MiB, double, raw) ===
Info: 0x56102a65fbc0
  miranda_zfp_gpu_r8           C=   4.07 W=   203.24 F=    0.27 S=   123.65 X=    0.16 S2=  49.21 | E=   3.67 O=   0.31 R=    88.49 ms  ratio=  8.00x  RMSE=6.719e-06 maxae=6.823e-04
[dbg main] done: arm=none, 1 datasets, 0 skipped, 1 measurements

=== TOTALS over 1 measurement files: create=4.07 write=203.24 flush=0.27 sync=123.65 close=0.16 csync=49.21 => write_total=380.60 ms | evict=3.67 open=0.31 read=88.49 => read_total=88.80 ms | ratio=8.00x ===
