[dbg main] h5base=/lcrc/project/SDR/kdougherty/vol_bench_h5/devres_host_s3d.h5 csv=/home/kdougherty/hdf5_projs/vol-external-passthrough/devres_results/20260812_172527_53023/results_vol_host_s3d.csv xcsv=/home/kdougherty/hdf5_projs/vol-external-passthrough/devres_results/20260812_172527_53023/results_vol_ext_host_s3d.csv only=s3d comp=zfp_gpu_r4 zfp_gpu_r8 zfp_gpu_r12 zfp_gpu_r16 verify=0 keep_h5=0 debug=0
[dbg main] durability: fsync=1 sync_dir=1 drop_cache=1 (BENCH_FSYNC / BENCH_SYNC_DIR / BENCH_DROP_CACHE)
[dbg main] staging arm=host  ledger=/home/kdougherty/hdf5_projs/vol-external-passthrough/devres_results/20260812_172527_53023/staging_host_s3d.csv
[dbg main] one measurement per (dataset x compressor), no warmup, own file at <base>_<comp>.h5
name           dtype  rank src    dims                   MiB        needGiB    exists
miranda        double 3    raw    256x384x384            288.0      0.6        yes
ocean_temp     float  0    hdf5   (from file)            0.0        0.0        yes
einspline37    float  1    raw    3390212880             12932.6    25.3       yes
scale-T        float  3    raw    98x1200x1200           538.3      1.1        yes
s3d            double 3    raw    500x500x500            953.7      1.9        yes
nyx_baryon     float  0    hdf5   (from file)            0.0        0.0        yes
MemAvailable: 954.4 GiB (needGiB is hbuf+rbuf only; the connector needs more)
6/6 dataset paths readable
RANGE s3d            min=-6.362436e-15 max=3.920002e-02 range=3.920002e-02 xform=none
[device] s3d: 953.7 MiB resident on GPU (setup h2d=79.576 ms)
[device] arm=host d2h_ms=549.088 pcie_in=953.7 MiB (the leg the device arm skips)

=== s3d (953.7 MiB, double, raw) ===
Info: 0x5632728b65c0
  s3d_zfp_gpu_r4               C=   1.09 W=   252.25 F=    0.28 S=   129.71 X=    0.16 S2= 138.62 | E=   1.17 O=   0.49 R=   247.75 ms  ratio= 16.00x  RMSE=5.735e-08 maxae=3.710e-06
Info: 0x563272944e00
  s3d_zfp_gpu_r8               C=   0.50 W=   388.62 F=   97.94 S=   103.21 X=    0.12 S2=  87.69 | E=   1.67 O=   0.27 R=   264.02 ms  ratio=  8.00x  RMSE=1.568e-09 maxae=1.264e-07
Info: 0x5632729454b0
  s3d_zfp_gpu_r12              C=   0.49 W=   495.12 F=   85.79 S=   129.44 X=    0.11 S2=  64.71 | E=   4.09 O=   0.30 R=   408.08 ms  ratio=  5.33x  RMSE=8.514e-11 maxae=8.036e-09
Info: 0x563272945fc0
  s3d_zfp_gpu_r16              C=   0.53 W=   322.73 F=  102.45 S=   124.65 X=    0.11 S2= 101.60 | E=   1.01 O=   0.27 R=   296.57 ms  ratio=  4.00x  RMSE=5.312e-12 maxae=6.187e-10
[dbg main] done: arm=host, 1 datasets, 0 skipped, 4 measurements

=== TOTALS over 4 measurement files: create=2.60 write=1458.71 flush=286.47 sync=487.01 close=0.51 csync=392.62 => write_total=2627.91 ms | evict=7.94 open=1.33 read=1216.41 => read_total=1217.75 ms | ratio=6.40x ===
