[dbg main] h5base=/lcrc/project/SDR/kdougherty/vol_bench_h5/devres_host_ocean_temp.h5 csv=/home/kdougherty/hdf5_projs/vol-external-passthrough/devres_results/20260812_172527_53023/results_vol_host_ocean_temp.csv xcsv=/home/kdougherty/hdf5_projs/vol-external-passthrough/devres_results/20260812_172527_53023/results_vol_ext_host_ocean_temp.csv only=ocean_temp comp=zfp_gpu_r4 zfp_gpu_r8 zfp_gpu_r12 zfp_gpu_r16 verify=0 keep_h5=0 debug=0
[dbg main] durability: fsync=1 sync_dir=1 drop_cache=1 (BENCH_FSYNC / BENCH_SYNC_DIR / BENCH_DROP_CACHE)
[dbg main] staging arm=host  ledger=/home/kdougherty/hdf5_projs/vol-external-passthrough/devres_results/20260812_172527_53023/staging_host_ocean_temp.csv
[dbg main] one measurement per (dataset x compressor), no warmup, own file at <base>_<comp>.h5
name           dtype  rank src    dims                   MiB        needGiB    exists
miranda        double 3    raw    256x384x384            288.0      0.6        yes
ocean_temp     float  0    hdf5   (from file)            0.0        0.0        yes
einspline37    float  1    raw    3390212880             12932.6    25.3       yes
scale-T        float  3    raw    98x1200x1200           538.3      1.1        yes
s3d            double 3    raw    500x500x500            953.7      1.9        yes
nyx_baryon     float  0    hdf5   (from file)            0.0        0.0        yes
MemAvailable: 954.4 GiB (needGiB is hbuf+rbuf only; the connector needs more)
6/6 dataset paths readable
RANGE ocean_temp     min=4.445019e+00 max=1.072704e+01 range=6.282023e+00 xform=none
[device] ocean_temp: 123.1 MiB resident on GPU (setup h2d=11.628 ms)
[device] arm=host d2h_ms=72.175 pcie_in=123.1 MiB (the leg the device arm skips)

=== ocean_temp (123.1 MiB, float, hdf5) ===
Info: 0x55b29138c1a0
  ocean_temp_zfp_gpu_r4        C=   0.87 W=   142.84 F=    0.26 S=   145.69 X=    0.15 S2=  35.70 | E=   4.97 O=   0.28 R=    43.90 ms  ratio=  7.56x  RMSE=4.110e-03 maxae=3.760e-01
Info: 0x55b2913a67f0
  ocean_temp_zfp_gpu_r8        C=   0.51 W=   146.98 F=    0.23 S=   123.44 X=    0.12 S2=  35.59 | E=   5.09 O=   0.27 R=    44.87 ms  ratio=  3.78x  RMSE=2.793e-04 maxae=2.552e-02
Info: 0x55b29139c880
  ocean_temp_zfp_gpu_r12       C=   0.53 W=   158.75 F=    0.23 S=   146.95 X=    0.13 S2=  37.75 | E=   2.08 O=   0.27 R=    50.08 ms  ratio=  2.52x  RMSE=1.752e-05 maxae=1.611e-03
Info: 0x55b2913a4c50
  ocean_temp_zfp_gpu_r16       C=   0.49 W=   171.83 F=    0.24 S=   135.21 X=    0.12 S2=  48.41 | E=   4.24 O=   0.26 R=    56.43 ms  ratio=  1.89x  RMSE=1.114e-06 maxae=1.140e-04
[dbg main] done: arm=host, 1 datasets, 0 skipped, 4 measurements

=== TOTALS over 4 measurement files: create=2.40 write=620.39 flush=0.96 sync=551.29 close=0.53 csync=157.46 => write_total=1333.02 ms | evict=16.38 open=1.09 read=195.29 => read_total=196.38 ms | ratio=3.02x ===
