[dbg main] h5base=/lcrc/project/SDR/kdougherty/vol_bench_h5/devres_host_miranda.h5 csv=/home/kdougherty/hdf5_projs/vol-external-passthrough/devres_results/20260812_172527_53023/results_vol_host_miranda.csv xcsv=/home/kdougherty/hdf5_projs/vol-external-passthrough/devres_results/20260812_172527_53023/results_vol_ext_host_miranda.csv only=miranda comp=zfp_gpu_r4 zfp_gpu_r8 zfp_gpu_r12 zfp_gpu_r16 verify=0 keep_h5=0 debug=0
[dbg main] durability: fsync=1 sync_dir=1 drop_cache=1 (BENCH_FSYNC / BENCH_SYNC_DIR / BENCH_DROP_CACHE)
[dbg main] staging arm=host  ledger=/home/kdougherty/hdf5_projs/vol-external-passthrough/devres_results/20260812_172527_53023/staging_host_miranda.csv
[dbg main] one measurement per (dataset x compressor), no warmup, own file at <base>_<comp>.h5
name           dtype  rank src    dims                   MiB        needGiB    exists
miranda        double 3    raw    256x384x384            288.0      0.6        yes
ocean_temp     float  0    hdf5   (from file)            0.0        0.0        yes
einspline37    float  1    raw    3390212880             12932.6    25.3       yes
scale-T        float  3    raw    98x1200x1200           538.3      1.1        yes
s3d            double 3    raw    500x500x500            953.7      1.9        yes
nyx_baryon     float  0    hdf5   (from file)            0.0        0.0        yes
MemAvailable: 954.4 GiB (needGiB is hbuf+rbuf only; the connector needs more)
6/6 dataset paths readable
RANGE miranda        min=9.999878e-01 max=3.000046e+00 range=2.000058e+00 xform=none
[device] miranda: 288.0 MiB resident on GPU (setup h2d=24.154 ms)
[device] arm=host d2h_ms=171.375 pcie_in=288.0 MiB (the leg the device arm skips)

=== miranda (288.0 MiB, double, raw) ===
Info: 0x5565ef432610
  miranda_zfp_gpu_r4           C=   1.10 W=   177.43 F=    0.27 S=   187.32 X=    0.18 S2=  44.49 | E=   1.21 O=   0.32 R=    81.71 ms  ratio= 16.00x  RMSE=1.323e-04 maxae=1.232e-02
Info: 0x5565ef4c0c50
  miranda_zfp_gpu_r8           C=   0.48 W=   262.88 F=    0.22 S=   156.90 X=    0.13 S2=  49.46 | E=   3.90 O=   0.28 R=    83.84 ms  ratio=  8.00x  RMSE=6.719e-06 maxae=6.823e-04
Info: 0x5565ef4b71f0
  miranda_zfp_gpu_r12          C=   0.49 W=   203.08 F=    0.22 S=   108.35 X=    0.12 S2=  62.44 | E=   4.16 O=   0.27 R=    87.13 ms  ratio=  5.33x  RMSE=4.241e-07 maxae=4.203e-05
Info: 0x55660c040640
  miranda_zfp_gpu_r16          C=   0.49 W=   222.00 F=    0.26 S=   117.25 X=    0.15 S2=  89.07 | E=   6.22 O=   0.40 R=   105.84 ms  ratio=  4.00x  RMSE=2.650e-08 maxae=2.833e-06
[dbg main] done: arm=host, 1 datasets, 0 skipped, 4 measurements

=== TOTALS over 4 measurement files: create=2.56 write=865.39 flush=0.97 sync=569.83 close=0.59 csync=245.45 => write_total=1684.80 ms | evict=15.49 open=1.27 read=358.52 => read_total=359.78 ms | ratio=6.40x ===
