[dbg main] h5base=/lcrc/project/SDR/kdougherty/vol_bench_h5/devres_none_s3d.h5 csv=/home/kdougherty/hdf5_projs/vol-external-passthrough/devres_results/20260812_172527_53023/results_vol_none_s3d.csv xcsv=/home/kdougherty/hdf5_projs/vol-external-passthrough/devres_results/20260812_172527_53023/results_vol_ext_none_s3d.csv only=s3d comp=zfp_gpu_r4 zfp_gpu_r8 zfp_gpu_r12 zfp_gpu_r16 verify=0 keep_h5=0 debug=0
[dbg main] durability: fsync=1 sync_dir=1 drop_cache=1 (BENCH_FSYNC / BENCH_SYNC_DIR / BENCH_DROP_CACHE)
[dbg main] staging arm=none  ledger=/home/kdougherty/hdf5_projs/vol-external-passthrough/devres_results/20260812_172527_53023/staging_none_s3d.csv
[dbg main] one measurement per (dataset x compressor), no warmup, own file at <base>_<comp>.h5
name           dtype  rank src    dims                   MiB        needGiB    exists
miranda        double 3    raw    256x384x384            288.0      0.6        yes
ocean_temp     float  0    hdf5   (from file)            0.0        0.0        yes
einspline37    float  1    raw    3390212880             12932.6    25.3       yes
scale-T        float  3    raw    98x1200x1200           538.3      1.1        yes
s3d            double 3    raw    500x500x500            953.7      1.9        yes
nyx_baryon     float  0    hdf5   (from file)            0.0        0.0        yes
MemAvailable: 954.4 GiB (needGiB is hbuf+rbuf only; the connector needs more)
6/6 dataset paths readable
RANGE s3d            min=-6.362436e-15 max=3.920002e-02 range=3.920002e-02 xform=none

=== s3d (953.7 MiB, double, raw) ===
Info: 0x55a034aadd30
  s3d_zfp_gpu_r4               C=   1.13 W=   264.86 F=    0.27 S=   111.95 X=    0.24 S2= 128.34 | E=   2.50 O=   0.35 R=   478.68 ms  ratio= 16.00x  RMSE=5.735e-08 maxae=3.710e-06
Info: 0x55a034b3c790
  s3d_zfp_gpu_r8               C=   0.47 W=   366.17 F=  115.33 S=   144.49 X=    0.11 S2=  75.37 | E=  11.89 O=   0.26 R=   284.85 ms  ratio=  8.00x  RMSE=1.568e-09 maxae=1.264e-07
Info: 0x55a0950565a0
  s3d_zfp_gpu_r12              C=   0.65 W=   370.62 F=  115.62 S=   145.77 X=    0.11 S2=  51.90 | E=   1.16 O=   0.27 R=   341.32 ms  ratio=  5.33x  RMSE=8.514e-11 maxae=8.036e-09
Info: 0x55a034aaffa0
  s3d_zfp_gpu_r16              C=   0.48 W=   352.57 F=   85.95 S=   129.38 X=    0.11 S2= 171.27 | E=   1.11 O=   0.27 R=   342.79 ms  ratio=  4.00x  RMSE=5.312e-12 maxae=6.187e-10
[dbg main] done: arm=none, 1 datasets, 0 skipped, 4 measurements

=== TOTALS over 4 measurement files: create=2.72 write=1354.21 flush=317.17 sync=531.61 close=0.57 csync=426.88 => write_total=2633.17 ms | evict=16.67 open=1.14 read=1447.64 => read_total=1448.78 ms | ratio=6.40x ===
