[dbg main] h5base=/lcrc/project/SDR/kdougherty/vol_bench_h5/g2_device_nyx_baryon.h5 csv=/home/kdougherty/hdf5_projs/vol-external-passthrough/devres_results/20260812_170819_53021/results_vol_device_nyx_baryon.csv xcsv=/home/kdougherty/hdf5_projs/vol-external-passthrough/devres_results/20260812_170819_53021/results_vol_ext_device_nyx_baryon.csv only=nyx_baryon comp=zfp_gpu_r4 zfp_gpu_r8 zfp_gpu_r12 zfp_gpu_r16 verify=0 keep_h5=0 debug=0
[dbg main] durability: fsync=1 sync_dir=1 drop_cache=1 (BENCH_FSYNC / BENCH_SYNC_DIR / BENCH_DROP_CACHE)
[dbg main] staging arm=device  ledger=/home/kdougherty/hdf5_projs/vol-external-passthrough/devres_results/20260812_170819_53021/staging_device_nyx_baryon.csv
[dbg main] one measurement per (dataset x compressor), no warmup, own file at <base>_<comp>.h5
name           dtype  rank src    dims                   MiB        needGiB    exists
miranda        double 3    raw    256x384x384            288.0      0.6        yes
ocean_temp     float  0    hdf5   (from file)            0.0        0.0        yes
einspline37    float  1    raw    3390212880             12932.6    25.3       yes
scale-T        float  3    raw    98x1200x1200           538.3      1.1        yes
s3d            double 3    raw    500x500x500            953.7      1.9        yes
nyx_baryon     float  0    hdf5   (from file)            0.0        0.0        yes
MemAvailable: 954.5 GiB (needGiB is hbuf+rbuf only; the connector needs more)
6/6 dataset paths readable
RANGE nyx_baryon     min=5.637747e-02 max=1.166017e+01 range=1.160379e+01 xform=log1p
[device] nyx_baryon: 512.0 MiB resident on GPU (setup h2d=44.203 ms)
[device] arm=device: VOL receives the device pointer; no host round trip for the write

=== nyx_baryon (512.0 MiB, float, hdf5, transformed) ===
Info: 0x555fc8604390
  nyx_baryon_zfp_gpu_r4        C=   0.95 W=    23.27 F=    0.33 S=    92.83 X=    1.89 S2=  80.23 | E=   3.86 O=   0.28 R=   129.04 ms  ratio= 64.00x  RMSE=inf maxae=inf (log-space)
Info: 0x555fc8588e30
  nyx_baryon_zfp_gpu_r8        C=   0.51 W=   148.57 F=    0.29 S=   164.74 X=    0.13 S2=  53.51 | E=   4.04 O=   0.27 R=   138.07 ms  ratio= 32.00x  RMSE=inf maxae=inf (log-space)
Info: 0x555fc858ae00
  nyx_baryon_zfp_gpu_r12       C=   0.54 W=   142.74 F=    0.22 S=   126.25 X=    0.15 S2=  86.68 | E=   1.69 O=   0.27 R=   144.79 ms  ratio= 21.33x  RMSE=inf maxae=inf (log-space)
Info: 0x555fc858ae00
  nyx_baryon_zfp_gpu_r16       C=   0.54 W=   439.83 F=    0.21 S=   104.01 X=    4.02 S2=  30.10 | E=   5.17 O=   0.29 R=   155.38 ms  ratio= 16.00x  RMSE=6.201e-01 maxae=1.166e+01 (log-space)
[dbg main] done: arm=device, 1 datasets, 0 skipped, 4 measurements

=== TOTALS over 4 measurement files: create=2.54 write=754.41 flush=1.06 sync=487.84 close=6.19 csync=250.51 => write_total=1502.54 ms | evict=14.76 open=1.11 read=567.28 => read_total=568.39 ms | ratio=25.60x ===
