[dbg main] h5base=/lcrc/project/SDR/kdougherty/vol_bench_h5/g2_device_scale-T.h5 csv=/home/kdougherty/hdf5_projs/vol-external-passthrough/devres_results/20260812_170819_53021/results_vol_device_scale-T.csv xcsv=/home/kdougherty/hdf5_projs/vol-external-passthrough/devres_results/20260812_170819_53021/results_vol_ext_device_scale-T.csv only=scale-T comp=zfp_gpu_r4 zfp_gpu_r8 zfp_gpu_r12 zfp_gpu_r16 verify=0 keep_h5=0 debug=0
[dbg main] durability: fsync=1 sync_dir=1 drop_cache=1 (BENCH_FSYNC / BENCH_SYNC_DIR / BENCH_DROP_CACHE)
[dbg main] staging arm=device  ledger=/home/kdougherty/hdf5_projs/vol-external-passthrough/devres_results/20260812_170819_53021/staging_device_scale-T.csv
[dbg main] one measurement per (dataset x compressor), no warmup, own file at <base>_<comp>.h5
name           dtype  rank src    dims                   MiB        needGiB    exists
miranda        double 3    raw    256x384x384            288.0      0.6        yes
ocean_temp     float  0    hdf5   (from file)            0.0        0.0        yes
einspline37    float  1    raw    3390212880             12932.6    25.3       yes
scale-T        float  3    raw    98x1200x1200           538.3      1.1        yes
s3d            double 3    raw    500x500x500            953.7      1.9        yes
nyx_baryon     float  0    hdf5   (from file)            0.0        0.0        yes
MemAvailable: 954.5 GiB (needGiB is hbuf+rbuf only; the connector needs more)
6/6 dataset paths readable
RANGE scale-T        min=5.209023e+00 max=5.754571e+00 range=5.455480e-01 xform=log1p
[device] scale-T: 538.3 MiB resident on GPU (setup h2d=46.656 ms)
[device] arm=device: VOL receives the device pointer; no host round trip for the write

=== scale-T (538.3 MiB, float, raw, transformed) ===
Info: 0x558ffb95f800
  scale-T_zfp_gpu_r4           C=   1.16 W=    23.58 F=    0.35 S=   186.77 X=    0.22 S2=  88.08 | E=   1.21 O=   0.30 R=   138.04 ms  ratio= 62.72x  RMSE=5.132e+00 maxae=5.706e+00 (log-space)
Info: 0x558ffb9edee0
  scale-T_zfp_gpu_r8           C=   0.46 W=   124.82 F=    0.31 S=   136.04 X=    0.13 S2=  48.60 | E=   3.93 O=   0.27 R=   146.13 ms  ratio= 31.36x  RMSE=5.132e+00 maxae=5.706e+00 (log-space)
Info: 0x559025704a10
  scale-T_zfp_gpu_r12          C=   0.54 W=   232.79 F=    0.23 S=   147.40 X=    0.13 S2= 166.26 | E=   1.03 O=   0.27 R=   154.31 ms  ratio= 20.91x  RMSE=5.132e+00 maxae=5.706e+00 (log-space)
Info: 0x5590256f6800
  scale-T_zfp_gpu_r16          C=   0.66 W=   188.29 F=    0.27 S=   158.31 X=    0.15 S2= 103.97 | E=   1.18 O=   0.27 R=   586.77 ms  ratio= 15.68x  RMSE=5.521e+00 maxae=5.755e+00 (log-space)
[FATAL] CUDA fault during scale-T / zfp_gpu_r16: an illegal memory access was encountered
[FATAL] This is the measurement that broke the context. Re-run exactly this pair under compute-sanitizer.
