[dbg main] h5base=/lcrc/project/SDR/kdougherty/vol_bench_h5/g2_device_miranda.h5 csv=/home/kdougherty/hdf5_projs/vol-external-passthrough/devres_results/20260812_170819_53021/results_vol_device_miranda.csv xcsv=/home/kdougherty/hdf5_projs/vol-external-passthrough/devres_results/20260812_170819_53021/results_vol_ext_device_miranda.csv only=miranda comp=zfp_gpu_r4 zfp_gpu_r8 zfp_gpu_r12 zfp_gpu_r16 verify=0 keep_h5=0 debug=0
[dbg main] durability: fsync=1 sync_dir=1 drop_cache=1 (BENCH_FSYNC / BENCH_SYNC_DIR / BENCH_DROP_CACHE)
[dbg main] staging arm=device  ledger=/home/kdougherty/hdf5_projs/vol-external-passthrough/devres_results/20260812_170819_53021/staging_device_miranda.csv
[dbg main] one measurement per (dataset x compressor), no warmup, own file at <base>_<comp>.h5
name           dtype  rank src    dims                   MiB        needGiB    exists
miranda        double 3    raw    256x384x384            288.0      0.6        yes
ocean_temp     float  0    hdf5   (from file)            0.0        0.0        yes
einspline37    float  1    raw    3390212880             12932.6    25.3       yes
scale-T        float  3    raw    98x1200x1200           538.3      1.1        yes
s3d            double 3    raw    500x500x500            953.7      1.9        yes
nyx_baryon     float  0    hdf5   (from file)            0.0        0.0        yes
MemAvailable: 954.5 GiB (needGiB is hbuf+rbuf only; the connector needs more)
6/6 dataset paths readable
RANGE miranda        min=9.999878e-01 max=3.000046e+00 range=2.000058e+00 xform=none
[device] miranda: 288.0 MiB resident on GPU (setup h2d=25.364 ms)
[device] arm=device: VOL receives the device pointer; no host round trip for the write

=== miranda (288.0 MiB, double, raw) ===
Info: 0x5606a5abb6d0
  miranda_zfp_gpu_r4           C=   1.10 W=    16.30 F=    0.52 S=   125.07 X=    0.25 S2=  58.09 | E=   1.24 O=   0.31 R=    74.35 ms  ratio=128.00x  RMSE=2.127e+00 maxae=3.000e+00
Info: 0x5606a5b49ed0
  miranda_zfp_gpu_r8           C=   0.49 W=    10.78 F=    0.28 S=   104.04 X=    0.12 S2=  41.08 | E=   2.84 O=   0.27 R=    69.71 ms  ratio= 64.00x  RMSE=2.127e+00 maxae=3.000e+00
Info: 0x5606a5b4a360
  miranda_zfp_gpu_r12          C=   0.49 W=    11.68 F=    0.31 S=   165.80 X=    0.13 S2=  70.19 | E=   1.07 O=   0.27 R=    74.94 ms  ratio= 42.67x  RMSE=2.127e+00 maxae=3.000e+00
Info: 0x5606c1808670
  miranda_zfp_gpu_r16          C=   0.69 W=    12.54 F=    0.30 S=   138.09 X=    0.17 S2=  86.29 | E=   1.06 O=   0.27 R=    76.64 ms  ratio= 32.00x  RMSE=2.127e+00 maxae=3.000e+00
[dbg main] done: arm=device, 1 datasets, 0 skipped, 4 measurements

=== TOTALS over 4 measurement files: create=2.77 write=51.30 flush=1.40 sync=533.00 close=0.67 csync=255.65 => write_total=844.79 ms | evict=6.22 open=1.12 read=295.64 => read_total=296.77 ms | ratio=51.20x ===
