[dbg main] h5base=/lcrc/project/SDR/kdougherty/vol_bench_h5/g2_host_ocean_temp.h5 csv=/home/kdougherty/hdf5_projs/vol-external-passthrough/devres_results/20260812_170819_53021/results_vol_host_ocean_temp.csv xcsv=/home/kdougherty/hdf5_projs/vol-external-passthrough/devres_results/20260812_170819_53021/results_vol_ext_host_ocean_temp.csv only=ocean_temp comp=zfp_gpu_r4 zfp_gpu_r8 zfp_gpu_r12 zfp_gpu_r16 verify=0 keep_h5=0 debug=0
[dbg main] durability: fsync=1 sync_dir=1 drop_cache=1 (BENCH_FSYNC / BENCH_SYNC_DIR / BENCH_DROP_CACHE)
[dbg main] staging arm=host  ledger=/home/kdougherty/hdf5_projs/vol-external-passthrough/devres_results/20260812_170819_53021/staging_host_ocean_temp.csv
[dbg main] one measurement per (dataset x compressor), no warmup, own file at <base>_<comp>.h5
name           dtype  rank src    dims                   MiB        needGiB    exists
miranda        double 3    raw    256x384x384            288.0      0.6        yes
ocean_temp     float  0    hdf5   (from file)            0.0        0.0        yes
einspline37    float  1    raw    3390212880             12932.6    25.3       yes
scale-T        float  3    raw    98x1200x1200           538.3      1.1        yes
s3d            double 3    raw    500x500x500            953.7      1.9        yes
nyx_baryon     float  0    hdf5   (from file)            0.0        0.0        yes
MemAvailable: 954.5 GiB (needGiB is hbuf+rbuf only; the connector needs more)
6/6 dataset paths readable
RANGE ocean_temp     min=4.445019e+00 max=1.072704e+01 range=6.282023e+00 xform=none
[device] ocean_temp: 123.1 MiB resident on GPU (setup h2d=12.627 ms)
[device] arm=host d2h_ms=70.729 pcie_in=123.1 MiB (the leg the device arm skips)

=== ocean_temp (123.1 MiB, float, hdf5) ===
Info: 0x56254eca63d0
  ocean_temp_zfp_gpu_r4        C=   0.89 W=    24.76 F=    0.32 S=   126.43 X=    0.16 S2= 137.42 | E=   1.54 O=   0.29 R=    35.95 ms  ratio= 60.44x  RMSE=inf maxae=inf
Info: 0x56254ec24d10
  ocean_temp_zfp_gpu_r8        C=   0.47 W=    22.52 F=    0.28 S=    97.67 X=    0.17 S2=  53.62 | E=   1.59 O=   0.27 R=    34.91 ms  ratio= 30.22x  RMSE=inf maxae=inf
Info: 0x56254ecc0cb0
  ocean_temp_zfp_gpu_r12       C=   0.48 W=    57.39 F=    0.29 S=   114.22 X=    0.13 S2=  88.60 | E=   3.79 O=   0.40 R=    38.26 ms  ratio= 20.15x  RMSE=inf maxae=inf
Info: 0x56254ece4ee0
  ocean_temp_zfp_gpu_r16       C=   0.53 W=    29.90 F=    0.29 S=   133.15 X=    0.18 S2=  98.70 | E=   1.09 O=   0.28 R=    44.41 ms  ratio= 15.11x  RMSE=inf maxae=inf
[dbg main] done: arm=host, 1 datasets, 0 skipped, 4 measurements

=== TOTALS over 4 measurement files: create=2.36 write=134.57 flush=1.18 sync=471.47 close=0.64 csync=378.34 => write_total=988.57 ms | evict=8.01 open=1.25 read=153.52 => read_total=154.77 ms | ratio=24.18x ===
