[dbg main] h5base=/lcrc/project/SDR/kdougherty/vol_bench_h5/g2_host_scale-T.h5 csv=/home/kdougherty/hdf5_projs/vol-external-passthrough/devres_results/20260812_170819_53021/results_vol_host_scale-T.csv xcsv=/home/kdougherty/hdf5_projs/vol-external-passthrough/devres_results/20260812_170819_53021/results_vol_ext_host_scale-T.csv only=scale-T comp=zfp_gpu_r4 zfp_gpu_r8 zfp_gpu_r12 zfp_gpu_r16 verify=0 keep_h5=0 debug=0
[dbg main] durability: fsync=1 sync_dir=1 drop_cache=1 (BENCH_FSYNC / BENCH_SYNC_DIR / BENCH_DROP_CACHE)
[dbg main] staging arm=host  ledger=/home/kdougherty/hdf5_projs/vol-external-passthrough/devres_results/20260812_170819_53021/staging_host_scale-T.csv
[dbg main] one measurement per (dataset x compressor), no warmup, own file at <base>_<comp>.h5
name           dtype  rank src    dims                   MiB        needGiB    exists
miranda        double 3    raw    256x384x384            288.0      0.6        yes
ocean_temp     float  0    hdf5   (from file)            0.0        0.0        yes
einspline37    float  1    raw    3390212880             12932.6    25.3       yes
scale-T        float  3    raw    98x1200x1200           538.3      1.1        yes
s3d            double 3    raw    500x500x500            953.7      1.9        yes
nyx_baryon     float  0    hdf5   (from file)            0.0        0.0        yes
MemAvailable: 954.5 GiB (needGiB is hbuf+rbuf only; the connector needs more)
6/6 dataset paths readable
RANGE scale-T        min=5.209023e+00 max=5.754571e+00 range=5.455480e-01 xform=log1p
[device] scale-T: 538.3 MiB resident on GPU (setup h2d=46.654 ms)
[device] arm=host d2h_ms=305.583 pcie_in=538.3 MiB (the leg the device arm skips)

=== scale-T (538.3 MiB, float, raw, transformed) ===
Info: 0x55d98f534c60
  scale-T_zfp_gpu_r4           C=   1.15 W=    74.69 F=    0.35 S=   119.58 X=    0.23 S2=  82.93 | E=   1.21 O=   0.31 R=   132.45 ms  ratio= 62.72x  RMSE=5.132e+00 maxae=5.706e+00 (log-space)
Info: 0x55d98f5c3270
  scale-T_zfp_gpu_r8           C=   0.46 W=   259.57 F=    0.21 S=   178.70 X=    0.15 S2=  47.04 | E=   3.87 O=   0.27 R=   145.15 ms  ratio= 31.36x  RMSE=5.132e+00 maxae=5.706e+00 (log-space)
Info: 0x55d98f5b92f0
  scale-T_zfp_gpu_r12          C=   0.49 W=   270.39 F=    0.23 S=   108.91 X=    0.12 S2=  95.61 | E=   1.70 O=   0.28 R=   147.00 ms  ratio= 20.91x  RMSE=5.132e+00 maxae=5.706e+00 (log-space)
Info: 0x55d9b92d87c0
  scale-T_zfp_gpu_r16          C=   0.50 W=   223.89 F=    0.23 S=   116.91 X=    0.11 S2=  54.46 | E=   1.48 O=   0.27 R=   403.37 ms  ratio= 15.68x  RMSE=5.521e+00 maxae=5.755e+00 (log-space)
[FATAL] CUDA fault during scale-T / zfp_gpu_r16: an illegal memory access was encountered
[FATAL] This is the measurement that broke the context. Re-run exactly this pair under compute-sanitizer.
