[dbg main] h5base=/lcrc/project/SDR/kdougherty/vol_bench_h5/g2_host_nyx_baryon.h5 csv=/home/kdougherty/hdf5_projs/vol-external-passthrough/devres_results/20260812_170819_53021/results_vol_host_nyx_baryon.csv xcsv=/home/kdougherty/hdf5_projs/vol-external-passthrough/devres_results/20260812_170819_53021/results_vol_ext_host_nyx_baryon.csv only=nyx_baryon comp=zfp_gpu_r4 zfp_gpu_r8 zfp_gpu_r12 zfp_gpu_r16 verify=0 keep_h5=0 debug=0
[dbg main] durability: fsync=1 sync_dir=1 drop_cache=1 (BENCH_FSYNC / BENCH_SYNC_DIR / BENCH_DROP_CACHE)
[dbg main] staging arm=host  ledger=/home/kdougherty/hdf5_projs/vol-external-passthrough/devres_results/20260812_170819_53021/staging_host_nyx_baryon.csv
[dbg main] one measurement per (dataset x compressor), no warmup, own file at <base>_<comp>.h5
name           dtype  rank src    dims                   MiB        needGiB    exists
miranda        double 3    raw    256x384x384            288.0      0.6        yes
ocean_temp     float  0    hdf5   (from file)            0.0        0.0        yes
einspline37    float  1    raw    3390212880             12932.6    25.3       yes
scale-T        float  3    raw    98x1200x1200           538.3      1.1        yes
s3d            double 3    raw    500x500x500            953.7      1.9        yes
nyx_baryon     float  0    hdf5   (from file)            0.0        0.0        yes
MemAvailable: 954.5 GiB (needGiB is hbuf+rbuf only; the connector needs more)
6/6 dataset paths readable
RANGE nyx_baryon     min=5.637747e-02 max=1.166017e+01 range=1.160379e+01 xform=log1p
[device] nyx_baryon: 512.0 MiB resident on GPU (setup h2d=45.089 ms)
[device] arm=host d2h_ms=290.293 pcie_in=512.0 MiB (the leg the device arm skips)

=== nyx_baryon (512.0 MiB, float, hdf5, transformed) ===
Info: 0x55677f78b4c0
  nyx_baryon_zfp_gpu_r4        C=   0.96 W=    70.32 F=    0.34 S=   110.87 X=    0.20 S2=  86.41 | E=   1.24 O=   0.28 R=   131.68 ms  ratio= 64.00x  RMSE=inf maxae=inf (log-space)
Info: 0x55677f7101d0
  nyx_baryon_zfp_gpu_r8        C=   0.48 W=   158.89 F=    0.21 S=   154.14 X=    0.14 S2=  35.47 | E=   7.15 O=   0.28 R=   139.59 ms  ratio= 32.00x  RMSE=inf maxae=inf (log-space)
Info: 0x55677f714e40
  nyx_baryon_zfp_gpu_r12       C=   0.50 W=   308.74 F=    0.22 S=   126.91 X=    0.12 S2= 155.47 | E=   5.98 O=   0.40 R=   140.33 ms  ratio= 21.33x  RMSE=inf maxae=inf (log-space)
Info: 0x55677f70d590
  nyx_baryon_zfp_gpu_r16       C=   0.52 W=   182.08 F=    0.27 S=   122.85 X=    0.12 S2=  40.13 | E=   4.23 O=   0.27 R=   168.24 ms  ratio= 16.00x  RMSE=6.201e-01 maxae=1.166e+01 (log-space)
[dbg main] done: arm=host, 1 datasets, 0 skipped, 4 measurements

=== TOTALS over 4 measurement files: create=2.46 write=720.03 flush=1.04 sync=514.77 close=0.58 csync=317.48 => write_total=1556.37 ms | evict=18.60 open=1.22 read=579.83 => read_total=581.05 ms | ratio=25.60x ===
