[dbg main] h5base=/lcrc/project/SDR/kdougherty/vol_bench_h5/g2_none_ocean_temp.h5 csv=/home/kdougherty/hdf5_projs/vol-external-passthrough/devres_results/20260812_170819_53021/results_vol_none_ocean_temp.csv xcsv=/home/kdougherty/hdf5_projs/vol-external-passthrough/devres_results/20260812_170819_53021/results_vol_ext_none_ocean_temp.csv only=ocean_temp comp=zfp_gpu_r4 zfp_gpu_r8 zfp_gpu_r12 zfp_gpu_r16 verify=0 keep_h5=0 debug=0
[dbg main] durability: fsync=1 sync_dir=1 drop_cache=1 (BENCH_FSYNC / BENCH_SYNC_DIR / BENCH_DROP_CACHE)
[dbg main] staging arm=none  ledger=/home/kdougherty/hdf5_projs/vol-external-passthrough/devres_results/20260812_170819_53021/staging_none_ocean_temp.csv
[dbg main] one measurement per (dataset x compressor), no warmup, own file at <base>_<comp>.h5
name           dtype  rank src    dims                   MiB        needGiB    exists
miranda        double 3    raw    256x384x384            288.0      0.6        yes
ocean_temp     float  0    hdf5   (from file)            0.0        0.0        yes
einspline37    float  1    raw    3390212880             12932.6    25.3       yes
scale-T        float  3    raw    98x1200x1200           538.3      1.1        yes
s3d            double 3    raw    500x500x500            953.7      1.9        yes
nyx_baryon     float  0    hdf5   (from file)            0.0        0.0        yes
MemAvailable: 954.5 GiB (needGiB is hbuf+rbuf only; the connector needs more)
6/6 dataset paths readable
RANGE ocean_temp     min=4.445019e+00 max=1.072704e+01 range=6.282023e+00 xform=none

=== ocean_temp (123.1 MiB, float, hdf5) ===
Info: 0x55f933d54d90
  ocean_temp_zfp_gpu_r4        C=   0.93 W=    27.29 F=    0.33 S=   151.40 X=    0.17 S2=  40.19 | E=   2.27 O=   0.29 R=    35.93 ms  ratio= 60.44x  RMSE=inf maxae=inf
Info: 0x55f933da7dc0
  ocean_temp_zfp_gpu_r8        C=   0.47 W=    22.08 F=    0.28 S=    95.16 X=    0.13 S2=  53.63 | E=   1.05 O=   0.28 R=    35.14 ms  ratio= 30.22x  RMSE=inf maxae=inf
Info: 0x55f933d4c9f0
  ocean_temp_zfp_gpu_r12       C=   0.49 W=    49.64 F=    0.29 S=   126.57 X=    0.13 S2=  54.01 | E=   1.09 O=   0.27 R=    39.57 ms  ratio= 20.15x  RMSE=inf maxae=inf
Info: 0x55f933d660b0
  ocean_temp_zfp_gpu_r16       C=   0.50 W=    24.50 F=    0.30 S=   143.90 X=    0.20 S2= 116.79 | E=   1.09 O=   0.28 R=    41.59 ms  ratio= 15.11x  RMSE=inf maxae=inf
[dbg main] done: arm=none, 1 datasets, 0 skipped, 4 measurements

=== TOTALS over 4 measurement files: create=2.39 write=123.52 flush=1.21 sync=517.03 close=0.63 csync=264.62 => write_total=909.39 ms | evict=5.50 open=1.12 read=152.23 => read_total=153.35 ms | ratio=24.18x ===
