[dbg main] h5base=/lcrc/project/SDR/kdougherty/vol_bench_h5/g2_none_nyx_baryon.h5 csv=/home/kdougherty/hdf5_projs/vol-external-passthrough/devres_results/20260812_170819_53021/results_vol_none_nyx_baryon.csv xcsv=/home/kdougherty/hdf5_projs/vol-external-passthrough/devres_results/20260812_170819_53021/results_vol_ext_none_nyx_baryon.csv only=nyx_baryon comp=zfp_gpu_r4 zfp_gpu_r8 zfp_gpu_r12 zfp_gpu_r16 verify=0 keep_h5=0 debug=0
[dbg main] durability: fsync=1 sync_dir=1 drop_cache=1 (BENCH_FSYNC / BENCH_SYNC_DIR / BENCH_DROP_CACHE)
[dbg main] staging arm=none  ledger=/home/kdougherty/hdf5_projs/vol-external-passthrough/devres_results/20260812_170819_53021/staging_none_nyx_baryon.csv
[dbg main] one measurement per (dataset x compressor), no warmup, own file at <base>_<comp>.h5
name           dtype  rank src    dims                   MiB        needGiB    exists
miranda        double 3    raw    256x384x384            288.0      0.6        yes
ocean_temp     float  0    hdf5   (from file)            0.0        0.0        yes
einspline37    float  1    raw    3390212880             12932.6    25.3       yes
scale-T        float  3    raw    98x1200x1200           538.3      1.1        yes
s3d            double 3    raw    500x500x500            953.7      1.9        yes
nyx_baryon     float  0    hdf5   (from file)            0.0        0.0        yes
MemAvailable: 954.5 GiB (needGiB is hbuf+rbuf only; the connector needs more)
6/6 dataset paths readable
RANGE nyx_baryon     min=5.637747e-02 max=1.166017e+01 range=1.160379e+01 xform=log1p

=== nyx_baryon (512.0 MiB, float, hdf5, transformed) ===
Info: 0x55827ae38750
  nyx_baryon_zfp_gpu_r4        C=   1.02 W=    68.99 F=    0.28 S=   111.05 X=    0.23 S2=  95.72 | E=   1.28 O=   0.26 R=   130.17 ms  ratio= 64.00x  RMSE=inf maxae=inf (log-space)
Info: 0x55827adbbca0
  nyx_baryon_zfp_gpu_r8        C=   0.47 W=   164.85 F=    0.21 S=   112.79 X=    0.16 S2=  38.58 | E=   4.38 O=   0.27 R=   209.90 ms  ratio= 32.00x  RMSE=inf maxae=inf (log-space)
Info: 0x55827adc0910
  nyx_baryon_zfp_gpu_r12       C=   0.50 W=   288.96 F=    0.22 S=   143.22 X=    0.12 S2= 117.92 | E=   1.70 O=   0.27 R=   145.26 ms  ratio= 21.33x  RMSE=inf maxae=inf (log-space)
Info: 0x5582a4048b80
  nyx_baryon_zfp_gpu_r16       C=   0.67 W=   172.34 F=    0.23 S=   139.90 X=    0.15 S2=  40.38 | E=   4.60 O=   0.28 R=   156.03 ms  ratio= 16.00x  RMSE=6.201e-01 maxae=1.166e+01 (log-space)
[dbg main] done: arm=none, 1 datasets, 0 skipped, 4 measurements

=== TOTALS over 4 measurement files: create=2.66 write=695.14 flush=0.94 sync=506.96 close=0.66 csync=292.60 => write_total=1498.97 ms | evict=11.97 open=1.09 read=641.36 => read_total=642.45 ms | ratio=25.60x ===
