[dbg main] h5base=/lcrc/project/SDR/kdougherty/vol_bench_h5/g2_none_miranda.h5 csv=/home/kdougherty/hdf5_projs/vol-external-passthrough/devres_results/20260812_170819_53021/results_vol_none_miranda.csv xcsv=/home/kdougherty/hdf5_projs/vol-external-passthrough/devres_results/20260812_170819_53021/results_vol_ext_none_miranda.csv only=miranda comp=zfp_gpu_r4 zfp_gpu_r8 zfp_gpu_r12 zfp_gpu_r16 verify=0 keep_h5=0 debug=0
[dbg main] durability: fsync=1 sync_dir=1 drop_cache=1 (BENCH_FSYNC / BENCH_SYNC_DIR / BENCH_DROP_CACHE)
[dbg main] staging arm=none  ledger=/home/kdougherty/hdf5_projs/vol-external-passthrough/devres_results/20260812_170819_53021/staging_none_miranda.csv
[dbg main] one measurement per (dataset x compressor), no warmup, own file at <base>_<comp>.h5
name           dtype  rank src    dims                   MiB        needGiB    exists
miranda        double 3    raw    256x384x384            288.0      0.6        yes
ocean_temp     float  0    hdf5   (from file)            0.0        0.0        yes
einspline37    float  1    raw    3390212880             12932.6    25.3       yes
scale-T        float  3    raw    98x1200x1200           538.3      1.1        yes
s3d            double 3    raw    500x500x500            953.7      1.9        yes
nyx_baryon     float  0    hdf5   (from file)            0.0        0.0        yes
MemAvailable: 954.5 GiB (needGiB is hbuf+rbuf only; the connector needs more)
6/6 dataset paths readable
RANGE miranda        min=9.999878e-01 max=3.000046e+00 range=2.000058e+00 xform=none

=== miranda (288.0 MiB, double, raw) ===
Info: 0x5583fcdaa240
  miranda_zfp_gpu_r4           C=   2.74 W=    53.77 F=    0.34 S=    90.49 X=    0.20 S2=  42.78 | E=   2.94 O=   0.31 R=    70.48 ms  ratio=128.00x  RMSE=2.127e+00 maxae=3.000e+00
Info: 0x5583fce38ca0
  miranda_zfp_gpu_r8           C=   0.45 W=    40.41 F=    0.28 S=   120.78 X=    0.13 S2=  58.11 | E=   1.28 O=   0.27 R=    76.30 ms  ratio= 64.00x  RMSE=2.127e+00 maxae=3.000e+00
Info: 0x5583fce2db70
  miranda_zfp_gpu_r12          C=   0.87 W=    39.26 F=    0.27 S=   147.71 X=    0.44 S2=  85.57 | E=   0.20 O=   0.27 R=    69.61 ms  ratio= 42.67x  RMSE=2.127e+00 maxae=3.000e+00
Info: 0x5583fce3d410
  miranda_zfp_gpu_r16          C=   0.65 W=    42.02 F=    0.29 S=   114.30 X=    0.17 S2=  96.51 | E=   1.67 O=   0.28 R=    72.84 ms  ratio= 32.00x  RMSE=2.127e+00 maxae=3.000e+00
[dbg main] done: arm=none, 1 datasets, 0 skipped, 4 measurements

=== TOTALS over 4 measurement files: create=4.72 write=175.45 flush=1.18 sync=473.29 close=0.94 csync=282.98 => write_total=938.55 ms | evict=6.09 open=1.14 read=289.22 => read_total=290.36 ms | ratio=51.20x ===
