[dbg main] h5base=/lcrc/project/SDR/kdougherty/vol_bench_h5/g2_none_s3d.h5 csv=/home/kdougherty/hdf5_projs/vol-external-passthrough/devres_results/20260812_170819_53021/results_vol_none_s3d.csv xcsv=/home/kdougherty/hdf5_projs/vol-external-passthrough/devres_results/20260812_170819_53021/results_vol_ext_none_s3d.csv only=s3d comp=zfp_gpu_r4 zfp_gpu_r8 zfp_gpu_r12 zfp_gpu_r16 verify=0 keep_h5=0 debug=0
[dbg main] durability: fsync=1 sync_dir=1 drop_cache=1 (BENCH_FSYNC / BENCH_SYNC_DIR / BENCH_DROP_CACHE)
[dbg main] staging arm=none  ledger=/home/kdougherty/hdf5_projs/vol-external-passthrough/devres_results/20260812_170819_53021/staging_none_s3d.csv
[dbg main] one measurement per (dataset x compressor), no warmup, own file at <base>_<comp>.h5
name           dtype  rank src    dims                   MiB        needGiB    exists
miranda        double 3    raw    256x384x384            288.0      0.6        yes
ocean_temp     float  0    hdf5   (from file)            0.0        0.0        yes
einspline37    float  1    raw    3390212880             12932.6    25.3       yes
scale-T        float  3    raw    98x1200x1200           538.3      1.1        yes
s3d            double 3    raw    500x500x500            953.7      1.9        yes
nyx_baryon     float  0    hdf5   (from file)            0.0        0.0        yes
MemAvailable: 954.5 GiB (needGiB is hbuf+rbuf only; the connector needs more)
6/6 dataset paths readable
RANGE s3d            min=-6.362436e-15 max=3.920002e-02 range=3.920002e-02 xform=none

=== s3d (953.7 MiB, double, raw) ===
Info: 0x561bb5d04270
  s3d_zfp_gpu_r4               C=   1.11 W=   175.54 F=    0.35 S=   151.88 X=    6.89 S2=  86.06 | E=   1.23 O=   0.49 R=   212.28 ms  ratio=128.00x  RMSE=2.231e-02 maxae=3.920e-02
Info: 0x561bb5d92cd0
  s3d_zfp_gpu_r8               C=   0.47 W=   108.21 F=    0.29 S=   112.24 X=    0.19 S2= 122.57 | E=   1.17 O=   0.27 R=   226.76 ms  ratio= 64.00x  RMSE=2.231e-02 maxae=3.920e-02
Info: 0x561bb5d88d30
  s3d_zfp_gpu_r12              C=   0.66 W=   206.81 F=    0.23 S=   347.10 X=    0.15 S2=  68.89 | E=   4.55 O=   0.32 R=   300.93 ms  ratio= 42.67x  RMSE=2.231e-02 maxae=3.920e-02
Info: 0x561c12e81460
  s3d_zfp_gpu_r16              C=   0.48 W=   285.46 F=    0.23 S=   102.99 X=    0.11 S2= 115.88 | E=   4.90 O=   0.28 R=   237.01 ms  ratio= 32.00x  RMSE=2.231e-02 maxae=3.920e-02
[dbg main] done: arm=none, 1 datasets, 0 skipped, 4 measurements

=== TOTALS over 4 measurement files: create=2.71 write=776.03 flush=1.09 sync=714.22 close=7.34 csync=393.40 => write_total=1894.79 ms | evict=11.86 open=1.36 read=976.98 => read_total=978.34 ms | ratio=51.20x ===
